Component: ARM Compiler 5.06 update 7 (build 960) Tool: armlink [4d3601]

==============================================================================

Section Cross References

    startup_stm32f411xe.o(RESET) refers to startup_stm32f411xe.o(STACK) for __initial_sp
    startup_stm32f411xe.o(RESET) refers to startup_stm32f411xe.o(.text) for Reset_Handler
    startup_stm32f411xe.o(RESET) refers to stm32f4xx_it.o(i.NMI_Handler) for NMI_Handler
    startup_stm32f411xe.o(RESET) refers to stm32f4xx_it.o(i.HardFault_Handler) for HardFault_Handler
    startup_stm32f411xe.o(RESET) refers to stm32f4xx_it.o(i.MemManage_Handler) for MemManage_Handler
    startup_stm32f411xe.o(RESET) refers to stm32f4xx_it.o(i.BusFault_Handler) for BusFault_Handler
    startup_stm32f411xe.o(RESET) refers to stm32f4xx_it.o(i.UsageFault_Handler) for UsageFault_Handler
    startup_stm32f411xe.o(RESET) refers to stm32f4xx_it.o(i.SVC_Handler) for SVC_Handler
    startup_stm32f411xe.o(RESET) refers to stm32f4xx_it.o(i.DebugMon_Handler) for DebugMon_Handler
    startup_stm32f411xe.o(RESET) refers to stm32f4xx_it.o(i.PendSV_Handler) for PendSV_Handler
    startup_stm32f411xe.o(RESET) refers to stm32f4xx_it.o(i.SysTick_Handler) for SysTick_Handler
    startup_stm32f411xe.o(RESET) refers to stm32f4xx_it.o(i.EXTI0_IRQHandler) for EXTI0_IRQHandler
    startup_stm32f411xe.o(RESET) refers to stm32f4xx_it.o(i.I2C1_EV_IRQHandler) for I2C1_EV_IRQHandler
    startup_stm32f411xe.o(RESET) refers to stm32f4xx_it.o(i.I2C1_ER_IRQHandler) for I2C1_ER_IRQHandler
    startup_stm32f411xe.o(RESET) refers to stm32f4xx_it.o(i.SDIO_IRQHandler) for SDIO_IRQHandler
    startup_stm32f411xe.o(RESET) refers to stm32f4xx_it.o(i.USART6_IRQHandler) for USART6_IRQHandler
    startup_stm32f411xe.o(.text) refers to system_stm32f4xx.o(i.SystemInit) for SystemInit
    startup_stm32f411xe.o(.text) refers to entry.o(.ARM.Collect$$$$00000000) for __main
    lcd.o(i.Draw_Circle) refers to lcd.o(i.LCD_DrawPoint) for LCD_DrawPoint
    lcd.o(i.LCD_DrawLine) refers to lcd.o(i.LCD_DrawPoint) for LCD_DrawPoint
    lcd.o(i.LCD_DrawPoint) refers to lcd_init.o(i.LCD_Address_Set) for LCD_Address_Set
    lcd.o(i.LCD_DrawPoint) refers to lcd_init.o(i.LCD_WR_DATA) for LCD_WR_DATA
    lcd.o(i.LCD_DrawRectangle) refers to lcd.o(i.LCD_DrawLine) for LCD_DrawLine
    lcd.o(i.LCD_Fill) refers to lcd_init.o(i.LCD_Address_Set) for LCD_Address_Set
    lcd.o(i.LCD_Fill) refers to lcd_init.o(i.LCD_WR_DATA) for LCD_WR_DATA
    lcd.o(i.LCD_ShowChar) refers to lcd_init.o(i.LCD_Address_Set) for LCD_Address_Set
    lcd.o(i.LCD_ShowChar) refers to lcd.o(i.LCD_DrawPoint) for LCD_DrawPoint
    lcd.o(i.LCD_ShowChar) refers to lcd_init.o(i.LCD_WR_DATA) for LCD_WR_DATA
    lcd.o(i.LCD_ShowChar) refers to lcd.o(.constdata) for .constdata
    lcd.o(i.LCD_ShowChinese) refers to lcd.o(i.LCD_ShowChinese32x32) for LCD_ShowChinese32x32
    lcd.o(i.LCD_ShowChinese) refers to lcd.o(i.LCD_ShowChinese12x12) for LCD_ShowChinese12x12
    lcd.o(i.LCD_ShowChinese) refers to lcd.o(i.LCD_ShowChinese16x16) for LCD_ShowChinese16x16
    lcd.o(i.LCD_ShowChinese) refers to lcd.o(i.LCD_ShowChinese24x24) for LCD_ShowChinese24x24
    lcd.o(i.LCD_ShowChinese12x12) refers to lcd_init.o(i.LCD_Address_Set) for LCD_Address_Set
    lcd.o(i.LCD_ShowChinese12x12) refers to lcd.o(i.LCD_DrawPoint) for LCD_DrawPoint
    lcd.o(i.LCD_ShowChinese12x12) refers to lcd_init.o(i.LCD_WR_DATA) for LCD_WR_DATA
    lcd.o(i.LCD_ShowChinese12x12) refers to lcd.o(.constdata) for .constdata
    lcd.o(i.LCD_ShowChinese16x16) refers to lcd_init.o(i.LCD_Address_Set) for LCD_Address_Set
    lcd.o(i.LCD_ShowChinese16x16) refers to lcd.o(i.LCD_DrawPoint) for LCD_DrawPoint
    lcd.o(i.LCD_ShowChinese16x16) refers to lcd_init.o(i.LCD_WR_DATA) for LCD_WR_DATA
    lcd.o(i.LCD_ShowChinese16x16) refers to lcd.o(.constdata) for .constdata
    lcd.o(i.LCD_ShowChinese24x24) refers to lcd_init.o(i.LCD_Address_Set) for LCD_Address_Set
    lcd.o(i.LCD_ShowChinese24x24) refers to lcd.o(i.LCD_DrawPoint) for LCD_DrawPoint
    lcd.o(i.LCD_ShowChinese24x24) refers to lcd_init.o(i.LCD_WR_DATA) for LCD_WR_DATA
    lcd.o(i.LCD_ShowChinese24x24) refers to lcd.o(.constdata) for .constdata
    lcd.o(i.LCD_ShowChinese32x32) refers to lcd_init.o(i.LCD_Address_Set) for LCD_Address_Set
    lcd.o(i.LCD_ShowChinese32x32) refers to lcd.o(i.LCD_DrawPoint) for LCD_DrawPoint
    lcd.o(i.LCD_ShowChinese32x32) refers to lcd_init.o(i.LCD_WR_DATA) for LCD_WR_DATA
    lcd.o(i.LCD_ShowChinese32x32) refers to lcd.o(.constdata) for .constdata
    lcd.o(i.LCD_ShowFloatNum1) refers to lcd.o(i.mypow) for mypow
    lcd.o(i.LCD_ShowFloatNum1) refers to lcd.o(i.LCD_ShowChar) for LCD_ShowChar
    lcd.o(i.LCD_ShowFloatNum2) refers to dmul.o(.text) for __aeabi_dmul
    lcd.o(i.LCD_ShowFloatNum2) refers to dfixui.o(.text) for __aeabi_d2uiz
    lcd.o(i.LCD_ShowFloatNum2) refers to lcd.o(i.mypow) for mypow
    lcd.o(i.LCD_ShowFloatNum2) refers to lcd.o(i.LCD_ShowChar) for LCD_ShowChar
[...]
    .text                                    0x080001b0   Section       36  startup_stm32f411xe.o(.text)
    $v0                                      0x080001b0   Number         0  startup_stm32f411xe.o(.text)
    .text                                    0x080001d4   Section        0  uldiv.o(.text)
    .text                                    0x08000236   Section        0  memseta.o(.text)
    .text                                    0x0800025a   Section        0  llshl.o(.text)
    .text                                    0x08000278   Section        0  llushr.o(.text)
    .text                                    0x08000298   Section       36  init.o(.text)
    i.BSP_PlatformIsDetected                 0x080002bc   Section        0  fatfs_platform.o(i.BSP_PlatformIsDetected)
    i.BSP_SD_AbortCallback                   0x080002d0   Section        0  bsp_driver_sd.o(i.BSP_SD_AbortCallback)
    i.BSP_SD_GetCardInfo                     0x080002d4   Section        0  bsp_driver_sd.o(i.BSP_SD_GetCardInfo)
    i.BSP_SD_GetCardState                    0x080002e0   Section        0  bsp_driver_sd.o(i.BSP_SD_GetCardState)
    i.BSP_SD_Init                            0x080002f8   Section        0  bsp_driver_sd.o(i.BSP_SD_Init)
    i.BSP_SD_IsDetected                      0x08000328   Section        0  bsp_driver_sd.o(i.BSP_SD_IsDetected)
    i.BSP_SD_ReadBlocks                      0x08000340   Section        0  bsp_driver_sd.o(i.BSP_SD_ReadBlocks)
    i.BSP_SD_ReadCpltCallback                0x08000360   Section        0  bsp_driver_sd.o(i.BSP_SD_ReadCpltCallback)
    i.BSP_SD_WriteBlocks                     0x08000364   Section        0  bsp_driver_sd.o(i.BSP_SD_WriteBlocks)
    i.BSP_SD_WriteCpltCallback               0x08000384   Section        0  bsp_driver_sd.o(i.BSP_SD_WriteCpltCallback)
    i.BusFault_Handler                       0x08000386   Section        0  stm32f4xx_it.o(i.BusFault_Handler)
    i.DebugMon_Handler                       0x08000388   Section        0  stm32f4xx_it.o(i.DebugMon_Handler)
    i.EXTI0_IRQHandler                       0x0800038a   Section        0  stm32f4xx_it.o(i.EXTI0_IRQHandler)
    i.Error_Handler                          0x08000390   Section        0  main.o(i.Error_Handler)
    i.FATFS_LinkDriver                       0x08000394   Section        0  ff_gen_drv.o(i.FATFS_LinkDriver)
    i.FATFS_LinkDriverEx                     0x0800039c   Section        0  ff_gen_drv.o(i.FATFS_LinkDriverEx)
    i.HAL_AT24CXX_Check                      0x080003e0   Section        0  bl24cxx.o(i.HAL_AT24CXX_Check)
    i.HAL_AT24CXX_ReadLenByte                0x0800040a   Section        0  bl24cxx.o(i.HAL_AT24CXX_ReadLenByte)
    i.HAL_AT24CXX_ReadOneByte                0x0800042c   Section        0  bl24cxx.o(i.HAL_AT24CXX_ReadOneByte)
    i.HAL_AT24CXX_WriteLenByte               0x0800045c   Section        0  bl24cxx.o(i.HAL_AT24CXX_WriteLenByte)
    i.HAL_AT24CXX_WriteOneByte               0x0800047c   Section        0  bl24cxx.o(i.HAL_AT24CXX_WriteOneByte)
    i.HAL_DMA_Abort                          0x080004ac   Section        0  stm32f4xx_hal_dma.o(i.HAL_DMA_Abort)
    i.HAL_DMA_Abort_IT                       0x0800054e   Section        0  stm32f4xx_hal_dma.o(i.HAL_DMA_Abort_IT)
    i.HAL_DMA_GetState                       0x08000572   Section        0  stm32f4xx_hal_dma.o(i.HAL_DMA_GetState)
    i.HAL_Delay                              0x08000578   Section        0  stm32f4xx_hal.o(i.HAL_Delay)
    i.HAL_GPIO_EXTI_Callback                 0x080005a0   Section        0  main.o(i.HAL_GPIO_EXTI_Callback)
    i.HAL_GPIO_EXTI_IRQHandler               0x080005b0   Section        0  stm32f4xx_hal_gpio.o(i.HAL_GPIO_EXTI_IRQHandler)
    i.HAL_GPIO_Init                          0x080005c8   Section        0  stm32f4xx_hal_gpio.o(i.HAL_GPIO_Init)
    i.HAL_GPIO_ReadPin                       0x080007c4   Section        0  stm32f4xx_hal_gpio.o(i.HAL_GPIO_ReadPin)
    i.HAL_GPIO_WritePin                      0x080007d2   Section        0  stm32f4xx_hal_gpio.o(i.HAL_GPIO_WritePin)
    i.HAL_GetTick                            0x080007e0   Section        0  stm32f4xx_hal.o(i.HAL_GetTick)
    i.HAL_I2C_AbortCpltCallback              0x080007ec   Section        0  stm32f4xx_hal_i2c.o(i.HAL_I2C_AbortCpltCallback)
    i.HAL_I2C_AddrCallback                   0x080007ee   Section        0  stm32f4xx_hal_i2c.o(i.HAL_I2C_AddrCallback)
    i.HAL_I2C_ER_IRQHandler                  0x080007f0   Section        0  stm32f4xx_hal_i2c.o(i.HAL_I2C_ER_IRQHandler)
    i.HAL_I2C_EV_IRQHandler                  0x080008b0   Section        0  stm32f4xx_hal_i2c.o(i.HAL_I2C_EV_IRQHandler)
    i.HAL_I2C_ErrorCallback                  0x08000a80   Section        0  stm32f4xx_hal_i2c.o(i.HAL_I2C_ErrorCallback)
    i.HAL_I2C_Init                           0x08000a84   Section        0  stm32f4xx_hal_i2c.o(i.HAL_I2C_Init)
    i.HAL_I2C_ListenCpltCallback             0x08000c30   Section        0  stm32f4xx_hal_i2c.o(i.HAL_I2C_ListenCpltCallback)
    i.HAL_I2C_MasterRxCpltCallback           0x08000c32   Section        0  stm32f4xx_hal_i2c.o(i.HAL_I2C_MasterRxCpltCallback)
    i.HAL_I2C_MasterTxCpltCallback           0x08000c34   Section        0  stm32f4xx_hal_i2c.o(i.HAL_I2C_MasterTxCpltCallback)
    i.HAL_I2C_MemRxCpltCallback              0x08000c36   Section        0  stm32f4xx_hal_i2c.o(i.HAL_I2C_MemRxCpltCallback)
    i.HAL_I2C_MemTxCpltCallback              0x08000c38   Section        0  stm32f4xx_hal_i2c.o(i.HAL_I2C_MemTxCpltCallback)
    i.HAL_I2C_Mem_Read                       0x08000c3c   Section        0  stm32f4xx_hal_i2c.o(i.HAL_I2C_Mem_Read)
    i.HAL_I2C_Mem_Write                      0x08000efc   Section        0  stm32f4xx_hal_i2c.o(i.HAL_I2C_Mem_Write)
    i.HAL_I2C_MspInit                        0x08001070   Section        0  i2c.o(i.HAL_I2C_MspInit)
    i.HAL_I2C_SlaveRxCpltCallback            0x080010fc   Section        0  stm32f4xx_hal_i2c.o(i.HAL_I2C_SlaveRxCpltCallback)
    i.HAL_I2C_SlaveTxCpltCallback            0x080010fe   Section        0  stm32f4xx_hal_i2c.o(i.HAL_I2C_SlaveTxCpltCallback)
    i.HAL_IncTick                            0x08001100   Section        0  stm32f4xx_hal.o(i.HAL_IncTick)
    i.HAL_Init                               0x08001110   Section        0  stm32f4xx_hal.o(i.HAL_Init)
    i.HAL_InitTick                           0x08001144   Section        0  stm32f4xx_hal.o(i.HAL_InitTick)
    i.HAL_MspInit                            0x08001188   Section        0  stm32f4xx_hal_msp.o(i.HAL_MspInit)
    i.HAL_NVIC_EnableIRQ                     0x080011b8   Section        0  stm32f4xx_hal_cortex.o(i.HAL_NVIC_EnableIRQ)
    i.HAL_NVIC_SetPriority                   0x080011d4   Section        0  stm32f4xx_hal_cortex.o(i.HAL_NVIC_SetPriority)
    i.HAL_NVIC_SetPriorityGrouping           0x0800123c   Section        0  stm32f4xx_hal_cortex.o(i.HAL_NVIC_SetPriorityGrouping)
    i.HAL_RCC_ClockConfig                    0x08001260   Section        0  stm32f4xx_hal_rcc.o(i.HAL_RCC_ClockConfig)
    i.HAL_RCC_GetHCLKFreq                    0x080013dc   Section        0  stm32f4xx_hal_rcc.o(i.HAL_RCC_GetHCLKFreq)
    i.HAL_RCC_GetPCLK1Freq                   0x080013e8   Section        0  stm32f4xx_hal_rcc.o(i.HAL_RCC_GetPCLK1Freq)
    i.HAL_RCC_GetPCLK2Freq                   0x08001408   Section        0  stm32f4xx_hal_rcc.o(i.HAL_RCC_GetPCLK2Freq)
    i.HAL_RCC_GetSysClockFreq                0x08001428   Section        0  stm32f4xx_hal_rcc.o(i.HAL_RCC_GetSysClockFreq)
    i.HAL_RCC_OscConfig                      0x08001494   Section        0  stm32f4xx_hal_rcc.o(i.HAL_RCC_OscConfig)
    i.HAL_SD_AbortCallback                   0x08001916   Section        0  bsp_driver_sd.o(i.HAL_SD_AbortCallback)
    i.HAL_SD_ConfigWideBusOperation          0x08001920   Section        0  stm32f4xx_hal_sd.o(i.HAL_SD_ConfigWideBusOperation)
    i.HAL_SD_ErrorCallback                   0x080019ec   Section        0  stm32f4xx_hal_sd.o(i.HAL_SD_ErrorCallback)
    i.HAL_SD_GetCardCSD                      0x080019f0   Section        0  stm32f4xx_hal_sd.o(i.HAL_SD_GetCardCSD)
    i.HAL_SD_GetCardInfo                     0x08001bb4   Section        0  stm32f4xx_hal_sd.o(i.HAL_SD_GetCardInfo)
    i.HAL_SD_GetCardState                    0x08001bd8   Section        0  stm32f4xx_hal_sd.o(i.HAL_SD_GetCardState)
    i.HAL_SD_IRQHandler                      0x08001bf8   Section        0  stm32f4xx_hal_sd.o(i.HAL_SD_IRQHandler)
    i.HAL_SD_Init                            0x08001df8   Section        0  stm32f4xx_hal_sd.o(i.HAL_SD_Init)
    i.HAL_SD_InitCard                        0x08001e38   Section        0  stm32f4xx_hal_sd.o(i.HAL_SD_InitCard)
    i.HAL_SD_MspInit                         0x08001edc   Section        0  sdio.o(i.HAL_SD_MspInit)
    i.HAL_SD_ReadBlocks                      0x08001f80   Section        0  stm32f4xx_hal_sd.o(i.HAL_SD_ReadBlocks)
    i.HAL_SD_RxCpltCallback                  0x080021f4   Section        0  bsp_driver_sd.o(i.HAL_SD_RxCpltCallback)
    i.HAL_SD_TxCpltCallback                  0x080021fc   Section        0  bsp_driver_sd.o(i.HAL_SD_TxCpltCallback)
    i.HAL_SD_WriteBlocks                     0x08002204   Section        0  stm32f4xx_hal_sd.o(i.HAL_SD_WriteBlocks)
    i.HAL_SPI_Init                           0x08002438   Section        0  stm32f4xx_hal_spi.o(i.HAL_SPI_Init)
    i.HAL_SPI_MspInit                        0x080024f8   Section        0  spi.o(i.HAL_SPI_MspInit)
    i.HAL_SYSTICK_Config                     0x080025e4   Section        0  stm32f4xx_hal_cortex.o(i.HAL_SYSTICK_Config)
    i.HAL_UARTEx_RxEventCallback             0x0800260c   Section        0  stm32f4xx_hal_uart.o(i.HAL_UARTEx_RxEventCallback)
    i.HAL_UART_ErrorCallback                 0x0800260e   Section        0  stm32f4xx_hal_uart.o(i.HAL_UART_ErrorCallback)
    i.HAL_UART_IRQHandler                    0x08002610   Section        0  stm32f4xx_hal_uart.o(i.HAL_UART_IRQHandler)
    i.HAL_UART_Init                          0x08002870   Section        0  stm32f4xx_hal_uart.o(i.HAL_UART_Init)
    i.HAL_UART_MspInit                       0x080028d4   Section        0  usart.o(i.HAL_UART_MspInit)
    i.HAL_UART_RxCpltCallback                0x08002950   Section        0  stm32f4xx_hal_uart.o(i.HAL_UART_RxCpltCallback)
    i.HAL_UART_Transmit                      0x08002952   Section        0  stm32f4xx_hal_uart.o(i.HAL_UART_Transmit)
    i.HAL_UART_TxCpltCallback                0x08002a1c   Section        0  stm32f4xx_hal_uart.o(i.HAL_UART_TxCpltCallback)
    i.HardFault_Handler                      0x08002a1e   Section        0  stm32f4xx_it.o(i.HardFault_Handler)
    i.I2C1_ER_IRQHandler                     0x08002a20   Section        0  stm32f4xx_it.o(i.I2C1_ER_IRQHandler)
    i.I2C1_EV_IRQHandler                     0x08002a2c   Section        0  stm32f4xx_it.o(i.I2C1_EV_IRQHandler)
    i.I2C_ConvertOtherXferOptions            0x08002a38   Section        0  stm32f4xx_hal_i2c.o(i.I2C_ConvertOtherXferOptions)
    I2C_ConvertOtherXferOptions              0x08002a39   Thumb Code    28  stm32f4xx_hal_i2c.o(i.I2C_ConvertOtherXferOptions)
    i.I2C_DMAAbort                           0x08002a54   Section        0  stm32f4xx_hal_i2c.o(i.I2C_DMAAbort)
    I2C_DMAAbort                             0x08002a55   Thumb Code   198  stm32f4xx_hal_i2c.o(i.I2C_DMAAbort)
    i.I2C_ITError                            0x08002b20   Section        0  stm32f4xx_hal_i2c.o(i.I2C_ITError)
    I2C_ITError                              0x08002b21   Thumb Code   356  stm32f4xx_hal_i2c.o(i.I2C_ITError)
    i.I2C_IsAcknowledgeFailed                0x08002c8c   Section        0  stm32f4xx_hal_i2c.o(i.I2C_IsAcknowledgeFailed)
    I2C_IsAcknowledgeFailed                  0x08002c8d   Thumb Code    50  stm32f4xx_hal_i2c.o(i.I2C_IsAcknowledgeFailed)
    i.I2C_MasterReceive_BTF                  0x08002cbe   Section        0  stm32f4xx_hal_i2c.o(i.I2C_MasterReceive_BTF)
    I2C_MasterReceive_BTF                    0x08002cbf   Thumb Code   256  stm32f4xx_hal_i2c.o(i.I2C_MasterReceive_BTF)
    i.I2C_MasterReceive_RXNE                 0x08002dbe   Section        0  stm32f4xx_hal_i2c.o(i.I2C_MasterReceive_RXNE)
    I2C_MasterReceive_RXNE                   0x08002dbf   Thumb Code   220  stm32f4xx_hal_i2c.o(i.I2C_MasterReceive_RXNE)
    i.I2C_MasterTransmit_BTF                 0x08002e9a   Section        0  stm32f4xx_hal_i2c.o(i.I2C_MasterTransmit_BTF)
    I2C_MasterTransmit_BTF                   0x08002e9b   Thumb Code   150  stm32f4xx_hal_i2c.o(i.I2C_MasterTransmit_BTF)
    i.I2C_MasterTransmit_TXE                 0x08002f30   Section        0  stm32f4xx_hal_i2c.o(i.I2C_MasterTransmit_TXE)
    I2C_MasterTransmit_TXE                   0x08002f31   Thumb Code   196  stm32f4xx_hal_i2c.o(i.I2C_MasterTransmit_TXE)
    i.I2C_Master_ADD10                       0x08002ff4   Section        0  stm32f4xx_hal_i2c.o(i.I2C_Master_ADD10)
    I2C_Master_ADD10                         0x08002ff5   Thumb Code    42  stm32f4xx_hal_i2c.o(i.I2C_Master_ADD10)
    i.I2C_Master_ADDR                        0x0800301e   Section        0  stm32f4xx_hal_i2c.o(i.I2C_Master_ADDR)
    I2C_Master_ADDR                          0x0800301f   Thumb Code   466  stm32f4xx_hal_i2c.o(i.I2C_Master_ADDR)
    i.I2C_Master_SB                          0x080031f0   Section        0  stm32f4xx_hal_i2c.o(i.I2C_Master_SB)
    I2C_Master_SB                            0x080031f1   Thumb Code   160  stm32f4xx_hal_i2c.o(i.I2C_Master_SB)
    i.I2C_MemoryTransmit_TXE_BTF             0x08003290   Section        0  stm32f4xx_hal_i2c.o(i.I2C_MemoryTransmit_TXE_BTF)
    I2C_MemoryTransmit_TXE_BTF               0x08003291   Thumb Code   182  stm32f4xx_hal_i2c.o(i.I2C_MemoryTransmit_TXE_BTF)
    i.I2C_RequestMemoryRead                  0x08003348   Section        0  stm32f4xx_hal_i2c.o(i.I2C_RequestMemoryRead)
    I2C_RequestMemoryRead                    0x08003349   Thumb Code   336  stm32f4xx_hal_i2c.o(i.I2C_RequestMemoryRead)
    i.I2C_RequestMemoryWrite                 0x0800349c   Section        0  stm32f4xx_hal_i2c.o(i.I2C_RequestMemoryWrite)
    I2C_RequestMemoryWrite                   0x0800349d   Thumb Code   204  stm32f4xx_hal_i2c.o(i.I2C_RequestMemoryWrite)
    i.I2C_SlaveReceive_BTF                   0x0800356c   Section        0  stm32f4xx_hal_i2c.o(i.I2C_SlaveReceive_BTF)
    I2C_SlaveReceive_BTF                     0x0800356d   Thumb Code    28  stm32f4xx_hal_i2c.o(i.I2C_SlaveReceive_BTF)
    i.I2C_SlaveReceive_RXNE                  0x08003588   Section        0  stm32f4xx_hal_i2c.o(i.I2C_SlaveReceive_RXNE)
    I2C_SlaveReceive_RXNE                    0x08003589   Thumb Code    68  stm32f4xx_hal_i2c.o(i.I2C_SlaveReceive_RXNE)
    i.I2C_SlaveTransmit_BTF                  0x080035cc   Section        0  stm32f4xx_hal_i2c.o(i.I2C_SlaveTransmit_BTF)
    I2C_SlaveTransmit_BTF                    0x080035cd   Thumb Code    28  stm32f4xx_hal_i2c.o(i.I2C_SlaveTransmit_BTF)
    i.I2C_SlaveTransmit_TXE                  0x080035e8   Section        0  stm32f4xx_hal_i2c.o(i.I2C_SlaveTransmit_TXE)
    I2C_SlaveTransmit_TXE                    0x080035e9   Thumb Code    68  stm32f4xx_hal_i2c.o(i.I2C_SlaveTransmit_TXE)
    i.I2C_Slave_ADDR                         0x0800362c   Section        0  stm32f4xx_hal_i2c.o(i.I2C_Slave_ADDR)
    I2C_Slave_ADDR                           0x0800362d   Thumb Code    78  stm32f4xx_hal_i2c.o(i.I2C_Slave_ADDR)
    i.I2C_Slave_AF                           0x0800367c   Section        0  stm32f4xx_hal_i2c.o(i.I2C_Slave_AF)
    I2C_Slave_AF                             0x0800367d   Thumb Code   126  stm32f4xx_hal_i2c.o(i.I2C_Slave_AF)
    i.I2C_Slave_STOPF                        0x08003700   Section        0  stm32f4xx_hal_i2c.o(i.I2C_Slave_STOPF)
    I2C_Slave_STOPF                          0x08003701   Thumb Code   344  stm32f4xx_hal_i2c.o(i.I2C_Slave_STOPF)
    i.I2C_WaitOnBTFFlagUntilTimeout          0x08003860   Section        0  stm32f4xx_hal_i2c.o(i.I2C_WaitOnBTFFlagUntilTimeout)
    I2C_WaitOnBTFFlagUntilTimeout            0x08003861   Thumb Code    92  stm32f4xx_hal_i2c.o(i.I2C_WaitOnBTFFlagUntilTimeout)
    i.I2C_WaitOnFlagUntilTimeout             0x080038bc   Section        0  stm32f4xx_hal_i2c.o(i.I2C_WaitOnFlagUntilTimeout)
    I2C_WaitOnFlagUntilTimeout               0x080038bd   Thumb Code   180  stm32f4xx_hal_i2c.o(i.I2C_WaitOnFlagUntilTimeout)
    i.I2C_WaitOnMasterAddressFlagUntilTimeout 0x08003970   Section        0  stm32f4xx_hal_i2c.o(i.I2C_WaitOnMasterAddressFlagUntilTimeout)
    I2C_WaitOnMasterAddressFlagUntilTimeout  0x08003971   Thumb Code   206  stm32f4xx_hal_i2c.o(i.I2C_WaitOnMasterAddressFlagUntilTimeout)
    i.I2C_WaitOnRXNEFlagUntilTimeout         0x08003a3e   Section        0  stm32f4xx_hal_i2c.o(i.I2C_WaitOnRXNEFlagUntilTimeout)
    I2C_WaitOnRXNEFlagUntilTimeout           0x08003a3f   Thumb Code   124  stm32f4xx_hal_i2c.o(i.I2C_WaitOnRXNEFlagUntilTimeout)
    i.I2C_WaitOnSTOPRequestThroughIT         0x08003abc   Section        0  stm32f4xx_hal_i2c.o(i.I2C_WaitOnSTOPRequestThroughIT)
    I2C_WaitOnSTOPRequestThroughIT           0x08003abd   Thumb Code    60  stm32f4xx_hal_i2c.o(i.I2C_WaitOnSTOPRequestThroughIT)
    i.I2C_WaitOnTXEFlagUntilTimeout          0x08003afc   Section        0  stm32f4xx_hal_i2c.o(i.I2C_WaitOnTXEFlagUntilTimeout)
    I2C_WaitOnTXEFlagUntilTimeout            0x08003afd   Thumb Code    92  stm32f4xx_hal_i2c.o(i.I2C_WaitOnTXEFlagUntilTimeout)
    i.MX_FATFS_Init                          0x08003b58   Section        0  fatfs.o(i.MX_FATFS_Init)
    i.MX_GPIO_Init                           0x08003b74   Section        0  gpio.o(i.MX_GPIO_Init)
    i.MX_I2C1_Init                           0x08003cb0   Section        0  i2c.o(i.MX_I2C1_Init)
    i.MX_SDIO_SD_Init                        0x08003cf0   Section        0  sdio.o(i.MX_SDIO_SD_Init)
    i.MX_SPI1_Init                           0x08003d14   Section        0  spi.o(i.MX_SPI1_Init)
    i.MX_SPI4_Init                           0x08003d58   Section        0  spi.o(i.MX_SPI4_Init)
    i.MX_USART6_UART_Init                    0x08003da0   Section        0  usart.o(i.MX_USART6_UART_Init)
    i.MemManage_Handler                      0x08003dd8   Section        0  stm32f4xx_it.o(i.MemManage_Handler)
    i.NMI_Handler                            0x08003dda   Section        0  stm32f4xx_it.o(i.NMI_Handler)
    i.PendSV_Handler                         0x08003ddc   Section        0  stm32f4xx_it.o(i.PendSV_Handler)
    i.SDIO_ConfigData                        0x08003dde   Section        0  stm32f4xx_ll_sdmmc.o(i.SDIO_ConfigData)
    i.SDIO_GetCommandResponse                0x08003e02   Section        0  stm32f4xx_ll_sdmmc.o(i.SDIO_GetCommandResponse)
    i.SDIO_GetPowerState                     0x08003e08   Section        0  stm32f4xx_ll_sdmmc.o(i.SDIO_GetPowerState)
    i.SDIO_GetResponse                       0x08003e10   Section        0  stm32f4xx_ll_sdmmc.o(i.SDIO_GetResponse)
    i.SDIO_IRQHandler                        0x08003e18   Section        0  stm32f4xx_it.o(i.SDIO_IRQHandler)
    i.SDIO_Init                              0x08003e24   Section        0  stm32f4xx_ll_sdmmc.o(i.SDIO_Init)
    i.SDIO_PowerState_ON                     0x08003e50   Section        0  stm32f4xx_ll_sdmmc.o(i.SDIO_PowerState_ON)
    i.SDIO_ReadFIFO                          0x08003e58   Section        0  stm32f4xx_ll_sdmmc.o(i.SDIO_ReadFIFO)
    i.SDIO_SendCommand                       0x08003e5e   Section        0  stm32f4xx_ll_sdmmc.o(i.SDIO_SendCommand)
    i.SDIO_WriteFIFO                         0x08003e7e   Section        0  stm32f4xx_ll_sdmmc.o(i.SDIO_WriteFIFO)
    i.SDMMC_CmdAppCommand                    0x08003e88   Section        0  stm32f4xx_ll_sdmmc.o(i.SDMMC_CmdAppCommand)
    i.SDMMC_CmdAppOperCommand                0x08003eba   Section        0  stm32f4xx_ll_sdmmc.o(i.SDMMC_CmdAppOperCommand)
    i.SDMMC_CmdBlockLength                   0x08003eee   Section        0  stm32f4xx_ll_sdmmc.o(i.SDMMC_CmdBlockLength)
    i.SDMMC_CmdBusWidth                      0x08003f20   Section        0  stm32f4xx_ll_sdmmc.o(i.SDMMC_CmdBusWidth)
    i.SDMMC_CmdGoIdleState                   0x08003f52   Section        0  stm32f4xx_ll_sdmmc.o(i.SDMMC_CmdGoIdleState)
    i.SDMMC_CmdOperCond                      0x08003f7a   Section        0  stm32f4xx_ll_sdmmc.o(i.SDMMC_CmdOperCond)
    i.SDMMC_CmdReadMultiBlock                0x08003faa   Section        0  stm32f4xx_ll_sdmmc.o(i.SDMMC_CmdReadMultiBlock)
    i.SDMMC_CmdReadSingleBlock               0x08003fdc   Section        0  stm32f4xx_ll_sdmmc.o(i.SDMMC_CmdReadSingleBlock)
    i.SDMMC_CmdSelDesel                      0x0800400e   Section        0  stm32f4xx_ll_sdmmc.o(i.SDMMC_CmdSelDesel)
    i.SDMMC_CmdSendCID                       0x08004040   Section        0  stm32f4xx_ll_sdmmc.o(i.SDMMC_CmdSendCID)
    i.SDMMC_CmdSendCSD                       0x0800406c   Section        0  stm32f4xx_ll_sdmmc.o(i.SDMMC_CmdSendCSD)
    i.SDMMC_CmdSendSCR                       0x08004098   Section        0  stm32f4xx_ll_sdmmc.o(i.SDMMC_CmdSendSCR)
    i.SDMMC_CmdSendStatus                    0x080040c8   Section        0  stm32f4xx_ll_sdmmc.o(i.SDMMC_CmdSendStatus)
    i.SDMMC_CmdSetRelAdd                     0x080040fa   Section        0  stm32f4xx_ll_sdmmc.o(i.SDMMC_CmdSetRelAdd)
    i.SDMMC_CmdStopTransfer                  0x08004134   Section        0  stm32f4xx_ll_sdmmc.o(i.SDMMC_CmdStopTransfer)
    i.SDMMC_CmdWriteMultiBlock               0x08004168   Section        0  stm32f4xx_ll_sdmmc.o(i.SDMMC_CmdWriteMultiBlock)
    i.SDMMC_CmdWriteSingleBlock              0x0800419a   Section        0  stm32f4xx_ll_sdmmc.o(i.SDMMC_CmdWriteSingleBlock)
    i.SDMMC_GetCmdError                      0x080041cc   Section        0  stm32f4xx_ll_sdmmc.o(i.SDMMC_GetCmdError)
    SDMMC_GetCmdError                        0x080041cd   Thumb Code    44  stm32f4xx_ll_sdmmc.o(i.SDMMC_GetCmdError)
    i.SDMMC_GetCmdResp1                      0x080041fc   Section        0  stm32f4xx_ll_sdmmc.o(i.SDMMC_GetCmdResp1)
    i.SDMMC_GetCmdResp2                      0x08004348   Section        0  stm32f4xx_ll_sdmmc.o(i.SDMMC_GetCmdResp2)
    i.SDMMC_GetCmdResp3                      0x080043a0   Section        0  stm32f4xx_ll_sdmmc.o(i.SDMMC_GetCmdResp3)
    i.SDMMC_GetCmdResp6                      0x080043e8   Section        0  stm32f4xx_ll_sdmmc.o(i.SDMMC_GetCmdResp6)
    i.SDMMC_GetCmdResp7                      0x08004480   Section        0  stm32f4xx_ll_sdmmc.o(i.SDMMC_GetCmdResp7)
    i.SD_CheckStatus                         0x080044e0   Section        0  sd_diskio.o(i.SD_CheckStatus)
    SD_CheckStatus                           0x080044e1   Thumb Code    26  sd_diskio.o(i.SD_CheckStatus)
    i.SD_DMARxAbort                          0x08004500   Section        0  stm32f4xx_hal_sd.o(i.SD_DMARxAbort)
    SD_DMARxAbort                            0x08004501   Thumb Code    68  stm32f4xx_hal_sd.o(i.SD_DMARxAbort)
    i.SD_DMATxAbort                          0x08004544   Section        0  stm32f4xx_hal_sd.o(i.SD_DMATxAbort)
    SD_DMATxAbort                            0x08004545   Thumb Code    68  stm32f4xx_hal_sd.o(i.SD_DMATxAbort)
    i.SD_FindSCR                             0x08004588   Section        0  stm32f4xx_hal_sd.o(i.SD_FindSCR)
    SD_FindSCR                               0x08004589   Thumb Code   322  stm32f4xx_hal_sd.o(i.SD_FindSCR)
    i.SD_InitCard                            0x080046ca   Section        0  stm32f4xx_hal_sd.o(i.SD_InitCard)
    SD_InitCard                              0x080046cb   Thumb Code   240  stm32f4xx_hal_sd.o(i.SD_InitCard)
    i.SD_PowerON                             0x080047bc   Section        0  stm32f4xx_hal_sd.o(i.SD_PowerON)
    SD_PowerON                               0x080047bd   Thumb Code   180  stm32f4xx_hal_sd.o(i.SD_PowerON)
    i.SD_Read_IT                             0x08004874   Section        0  stm32f4xx_hal_sd.o(i.SD_Read_IT)
    SD_Read_IT                               0x08004875   Thumb Code    64  stm32f4xx_hal_sd.o(i.SD_Read_IT)
    i.SD_SendStatus                          0x080048b4   Section        0  stm32f4xx_hal_sd.o(i.SD_SendStatus)
    SD_SendStatus                            0x080048b5   Thumb Code    46  stm32f4xx_hal_sd.o(i.SD_SendStatus)
    i.SD_WideBus_Disable                     0x080048e2   Section        0  stm32f4xx_hal_sd.o(i.SD_WideBus_Disable)
    SD_WideBus_Disable                       0x080048e3   Thumb Code    94  stm32f4xx_hal_sd.o(i.SD_WideBus_Disable)
    i.SD_WideBus_Enable                      0x08004940   Section        0  stm32f4xx_hal_sd.o(i.SD_WideBus_Enable)
    SD_WideBus_Enable                        0x08004941   Thumb Code    94  stm32f4xx_hal_sd.o(i.SD_WideBus_Enable)
    i.SD_Write_IT                            0x0800499e   Section        0  stm32f4xx_hal_sd.o(i.SD_Write_IT)
    SD_Write_IT                              0x0800499f   Thumb Code    76  stm32f4xx_hal_sd.o(i.SD_Write_IT)
    i.SD_initialize                          0x080049ec   Section        0  sd_diskio.o(i.SD_initialize)
    i.SD_ioctl                               0x08004a0c   Section        0  sd_diskio.o(i.SD_ioctl)
    i.SD_read                                0x08004a74   Section        0  sd_diskio.o(i.SD_read)
    i.SD_status                              0x08004a94   Section        0  sd_diskio.o(i.SD_status)
    i.SD_write                               0x08004a98   Section        0  sd_diskio.o(i.SD_write)
    i.SVC_Handler                            0x08004ab8   Section        0  stm32f4xx_it.o(i.SVC_Handler)
    i.SysTick_Handler                        0x08004aba   Section        0  stm32f4xx_it.o(i.SysTick_Handler)
    i.SystemClock_Config                     0x08004ac0   Section        0  main.o(i.SystemClock_Config)
    i.SystemInit                             0x08004b50   Section        0  system_stm32f4xx.o(i.SystemInit)
    i.UART_DMAAbortOnError                   0x08004b60   Section        0  stm32f4xx_hal_uart.o(i.UART_DMAAbortOnError)
    UART_DMAAbortOnError                     0x08004b61   Thumb Code    16  stm32f4xx_hal_uart.o(i.UART_DMAAbortOnError)
    i.UART_EndRxTransfer                     0x08004b70   Section        0  stm32f4xx_hal_uart.o(i.UART_EndRxTransfer)
    UART_EndRxTransfer                       0x08004b71   Thumb Code    78  stm32f4xx_hal_uart.o(i.UART_EndRxTransfer)
    i.UART_EndTransmit_IT                    0x08004bbe   Section        0  stm32f4xx_hal_uart.o(i.UART_EndTransmit_IT)
    UART_EndTransmit_IT                      0x08004bbf   Thumb Code    26  stm32f4xx_hal_uart.o(i.UART_EndTransmit_IT)
    i.UART_Receive_IT                        0x08004bd8   Section        0  stm32f4xx_hal_uart.o(i.UART_Receive_IT)
    UART_Receive_IT                          0x08004bd9   Thumb Code   200  stm32f4xx_hal_uart.o(i.UART_Receive_IT)
    i.UART_SetConfig                         0x08004ca0   Section        0  stm32f4xx_hal_uart.o(i.UART_SetConfig)
    UART_SetConfig                           0x08004ca1   Thumb Code   248  stm32f4xx_hal_uart.o(i.UART_SetConfig)
    i.UART_Transmit_IT                       0x08004d9c   Section        0  stm32f4xx_hal_uart.o(i.UART_Transmit_IT)
    UART_Transmit_IT                         0x08004d9d   Thumb Code    94  stm32f4xx_hal_uart.o(i.UART_Transmit_IT)
    i.UART_WaitOnFlagUntilTimeout            0x08004dfa   Section        0  stm32f4xx_hal_uart.o(i.UART_WaitOnFlagUntilTimeout)
    UART_WaitOnFlagUntilTimeout              0x08004dfb   Thumb Code   140  stm32f4xx_hal_uart.o(i.UART_WaitOnFlagUntilTimeout)
    i.USART6_IRQHandler                      0x08004e88   Section        0  stm32f4xx_it.o(i.USART6_IRQHandler)
    i.UsageFault_Handler                     0x08004e94   Section        0  stm32f4xx_it.o(i.UsageFault_Handler)
    i.__0printf$2                            0x08004e98   Section        0  printf2.o(i.__0printf$2)
    i.__scatterload_copy                     0x08004eb8   Section       14  handlers.o(i.__scatterload_copy)
    i.__scatterload_null                     0x08004ec6   Section        2  handlers.o(i.__scatterload_null)
    i.__scatterload_zeroinit                 0x08004ec8   Section       14  handlers.o(i.__scatterload_zeroinit)
    i._printf_core                           0x08004ed6   Section        0  printf2.o(i._printf_core)
    _printf_core                             0x08004ed7   Thumb Code   214  printf2.o(i._printf_core)
    i.fputc                                  0x08004fac   Section        0  usart.o(i.fputc)
    i.main                                   0x08004fc4   Section        0  main.o(i.main)
    .constdata                               0x08005094   Section       16  system_stm32f4xx.o(.constdata)
    .constdata                               0x080050a4   Section        8  system_stm32f4xx.o(.constdata)
    .constdata                               0x080050ac   Section       20  sd_diskio.o(.constdata)
    .data                                    0x20000000   Section       14  vs1053.o(.data)
    txdata                                   0x20000001   Data           1  vs1053.o(.data)
    rxdata                                   0x20000002   Data           1  vs1053.o(.data)
    .data                                    0x20000010   Section       12  stm32f4xx_hal.o(.data)
    .data                                    0x2000001c   Section        4  system_stm32f4xx.o(.data)
    .data                                    0x20000020   Section        1  sd_diskio.o(.data)
    Stat                                     0x20000020   Data           1  sd_diskio.o(.data)
    .data                                    0x20000021   Section        5  fatfs.o(.data)
    .data                                    0x20000028   Section        4  stdout.o(.data)
    .bss                                     0x2000002c   Section       84  i2c.o(.bss)
    .bss                                     0x20000080   Section      132  sdio.o(.bss)
    .bss                                     0x20000104   Section      176  spi.o(.bss)
    .bss                                     0x200001b4   Section       68  usart.o(.bss)
    .bss                                     0x200001f8   Section       12  ff_gen_drv.o(.bss)
    STACK                                    0x20000208   Section    16384  startup_stm32f411xe.o(STACK)

    Global Symbols

    Symbol Name                              Value     Ov Type        Size  Object(Section)

    BuildAttributes$$THM_ISAv4$E$P$D$K$B$S$7EM$VFPi3$EXTD16$VFPS$VFMA$PE$A:L22UL41UL21$X:L11$S22US41US21$IEEE1$IW$USESV6$~STKCKD$USESV7$~SHL$OTIME$ROPI$EBA8$MICROLIB$REQ8$PRES8$EABIv2 0x00000000   Number         0  anon$$obj.o ABSOLUTE
    __ARM_use_no_argv                        0x00000000   Number         0  main.o ABSOLUTE
    _printf_a                                0x00000000   Number         0  stubs.o ABSOLUTE
    _printf_c                                0x00000000   Number         0  stubs.o ABSOLUTE
    _printf_charcount                        0x00000000   Number         0  stubs.o ABSOLUTE
    _printf_d                                0x00000000   Number         0  stubs.o ABSOLUTE
    _printf_e                                0x00000000   Number         0  stubs.o ABSOLUTE
    _printf_f                                0x00000000   Number         0  stubs.o ABSOLUTE
    _printf_flags                            0x00000000   Number         0  stubs.o ABSOLUTE
    _printf_fp_dec                           0x00000000   Number         0  stubs.o ABSOLUTE
    _printf_fp_hex                           0x00000000   Number         0  stubs.o ABSOLUTE
    _printf_g                                0x00000000   Number         0  stubs.o ABSOLUTE
    _printf_i                                0x00000000   Number         0  stubs.o ABSOLUTE
    _printf_int_dec                          0x00000000   Number         0  stubs.o ABSOLUTE
    _printf_l                                0x00000000   Number         0  stubs.o ABSOLUTE
    _printf_lc                               0x00000000   Number         0  stubs.o ABSOLUTE
    _printf_ll                               0x00000000   Number         0  stubs.o ABSOLUTE
    _printf_lld                              0x00000000   Number         0  stubs.o ABSOLUTE
    _printf_lli                              0x00000000   Number         0  stubs.o ABSOLUTE
    _printf_llo                              0x00000000   Number         0  stubs.o ABSOLUTE
    _printf_llu                              0x00000000   Number         0  stubs.o ABSOLUTE
    _printf_llx                              0x00000000   Number         0  stubs.o ABSOLUTE
    _printf_longlong_dec                     0x00000000   Number         0  stubs.o ABSOLUTE
    _printf_longlong_hex                     0x00000000   Number         0  stubs.o ABSOLUTE
    _printf_longlong_oct                     0x00000000   Number         0  stubs.o ABSOLUTE
    _printf_ls                               0x00000000   Number         0  stubs.o ABSOLUTE
    _printf_mbtowc                           0x00000000   Number         0  stubs.o ABSOLUTE
    _printf_n                                0x00000000   Number         0  stubs.o ABSOLUTE
    _printf_o                                0x00000000   Number         0  stubs.o ABSOLUTE
    _printf_p                                0x00000000   Number         0  stubs.o ABSOLUTE
    _printf_percent                          0x00000000   Number         0  stubs.o ABSOLUTE
    _printf_pre_padding                      0x00000000   Number         0  stubs.o ABSOLUTE
    _printf_return_value                     0x00000000   Number         0  stubs.o ABSOLUTE
    _printf_s                                0x00000000   Number         0  stubs.o ABSOLUTE
    _printf_sizespec                         0x00000000   Number         0  stubs.o ABSOLUTE
    _printf_str                              0x00000000   Number         0  stubs.o ABSOLUTE
    _printf_truncate_signed                  0x00000000   Number         0  stubs.o ABSOLUTE
    _printf_truncate_unsigned                0x00000000   Number         0  stubs.o ABSOLUTE
    _printf_u                                0x00000000   Number         0  stubs.o ABSOLUTE
    _printf_wc                               0x00000000   Number         0  stubs.o ABSOLUTE
    _printf_wctomb                           0x00000000   Number         0  stubs.o ABSOLUTE
    _printf_widthprec                        0x00000000   Number         0  stubs.o ABSOLUTE
    _printf_x                                0x00000000   Number         0  stubs.o ABSOLUTE
    __arm_fini_                               - Undefined Weak Reference
    __cpp_initialize__aeabi_                  - Undefined Weak Reference
    __cxa_finalize                            - Undefined Weak Reference
    __decompress                              - Undefined Weak Reference
    _clock_init                               - Undefined Weak Reference
    _microlib_exit                            - Undefined Weak Reference
    __Vectors_Size                           0x00000198   Number         0  startup_stm32f411xe.o ABSOLUTE
    __Vectors                                0x08000000   Data           4  startup_stm32f411xe.o(RESET)
    __Vectors_End                            0x08000198   Data           0  startup_stm32f411xe.o(RESET)
    __main                                   0x08000199   Thumb Code     0  entry.o(.ARM.Collect$$$$00000000)
    _main_stk                                0x08000199   Thumb Code     0  entry2.o(.ARM.Collect$$$$00000001)
    _main_scatterload                        0x0800019d   Thumb Code     0  entry5.o(.ARM.Collect$$$$00000004)
    __main_after_scatterload                 0x080001a1   Thumb Code     0  entry5.o(.ARM.Collect$$$$00000004)
    _main_clock                              0x080001a1   Thumb Code     0  entry7b.o(.ARM.Collect$$$$00000008)
    _main_cpp_init                           0x080001a1   Thumb Code     0  entry8b.o(.ARM.Collect$$$$0000000A)
    _main_init                               0x080001a1   Thumb Code     0  entry9a.o(.ARM.Collect$$$$0000000B)
    __rt_lib_shutdown_fini                   0x080001a9   Thumb Code     0  entry12b.o(.ARM.Collect$$$$0000000E)
    __rt_final_cpp                           0x080001ad   Thumb Code     0  entry10a.o(.ARM.Collect$$$$0000000F)
    __rt_final_exit                          0x080001ad   Thumb Code     0  entry11a.o(.ARM.Collect$$$$00000011)
    Reset_Handler                            0x080001b1   Thumb Code     8  startup_stm32f411xe.o(.text)
    ADC_IRQHandler                           0x080001cb   Thumb Code     0  startup_stm32f411xe.o(.text)
    DMA1_Stream0_IRQHandler                  0x080001cb   Thumb Code     0  startup_stm32f411xe.o(.text)
    DMA1_Stream1_IRQHandler                  0x080001cb   Thumb Code     0  startup_stm32f411xe.o(.text)
    DMA1_Stream2_IRQHandler                  0x080001cb   Thumb Code     0  startup_stm32f411xe.o(.text)
    DMA1_Stream3_IRQHandler                  0x080001cb   Thumb Code     0  startup_stm32f411xe.o(.text)
    DMA1_Stream4_IRQHandler                  0x080001cb   Thumb Code     0  startup_stm32f411xe.o(.text)
    DMA1_Stream5_IRQHandler                  0x080001cb   Thumb Code     0  startup_stm32f411xe.o(.text)
    DMA1_Stream6_IRQHandler                  0x080001cb   Thumb Code     0  startup_stm32f411xe.o(.text)
    DMA1_Stream7_IRQHandler                  0x080001cb   Thumb Code     0  startup_stm32f411xe.o(.text)
    DMA2_Stream0_IRQHandler                  0x080001cb   Thumb Code     0  startup_stm32f411xe.o(.text)
    DMA2_Stream1_IRQHandler                  0x080001cb   Thumb Code     0  startup_stm32f411xe.o(.text)
    DMA2_Stream2_IRQHandler                  0x080001cb   Thumb Code     0  startup_stm32f411xe.o(.text)
    DMA2_Stream3_IRQHandler                  0x080001cb   Thumb Code     0  startup_stm32f411xe.o(.text)
    DMA2_Stream4_IRQHandler                  0x080001cb   Thumb Code     0  startup_stm32f411xe.o(.text)
    DMA2_Stream5_IRQHandler                  0x080001cb   Thumb Code     0  startup_stm32f411xe.o(.text)
    DMA2_Stream6_IRQHandler                  0x080001cb   Thumb Code     0  startup_stm32f411xe.o(.text)
    DMA2_Stream7_IRQHandler                  0x080001cb   Thumb Code     0  startup_stm32f411xe.o(.text)
    EXTI15_10_IRQHandler                     0x080001cb   Thumb Code     0  startup_stm32f411xe.o(.text)
    EXTI1_IRQHandler                         0x080001cb   Thumb Code     0  startup_stm32f411xe.o(.text)
    EXTI2_IRQHandler                         0x080001cb   Thumb Code     0  startup_stm32f411xe.o(.text)
    EXTI3_IRQHandler                         0x080001cb   Thumb Code     0  startup_stm32f411xe.o(.text)
    EXTI4_IRQHandler                         0x080001cb   Thumb Code     0  startup_stm32f411xe.o(.text)
    EXTI9_5_IRQHandler                       0x080001cb   Thumb Code     0  startup_stm32f411xe.o(.text)
    FLASH_IRQHandler                         0x080001cb   Thumb Code     0  startup_stm32f411xe.o(.text)
    FPU_IRQHandler                           0x080001cb   Thumb Code     0  startup_stm32f411xe.o(.text)
    I2C2_ER_IRQHandler                       0x080001cb   Thumb Code     0  startup_stm32f411xe.o(.text)
    I2C2_EV_IRQHandler                       0x080001cb   Thumb Code     0  startup_stm32f411xe.o(.text)
    I2C3_ER_IRQHandler                       0x080001cb   Thumb Code     0  startup_stm32f411xe.o(.text)
    I2C3_EV_IRQHandler                       0x080001cb   Thumb Code     0  startup_stm32f411xe.o(.text)
    OTG_FS_IRQHandler                        0x080001cb   Thumb Code     0  startup_stm32f411xe.o(.text)
    OTG_FS_WKUP_IRQHandler                   0x080001cb   Thumb Code     0  startup_stm32f411xe.o(.text)
    PVD_IRQHandler                           0x080001cb   Thumb Code     0  startup_stm32f411xe.o(.text)
    RCC_IRQHandler                           0x080001cb   Thumb Code     0  startup_stm32f411xe.o(.text)
    RTC_Alarm_IRQHandler                     0x080001cb   Thumb Code     0  startup_stm32f411xe.o(.text)
    RTC_WKUP_IRQHandler                      0x080001cb   Thumb Code     0  startup_stm32f411xe.o(.text)
    SPI1_IRQHandler                          0x080001cb   Thumb Code     0  startup_stm32f411xe.o(.text)
    SPI2_IRQHandler                          0x080001cb   Thumb Code     0  startup_stm32f411xe.o(.text)
    SPI3_IRQHandler                          0x080001cb   Thumb Code     0  startup_stm32f411xe.o(.text)
    SPI4_IRQHandler                          0x080001cb   Thumb Code     0  startup_stm32f411xe.o(.text)
    SPI5_IRQHandler                          0x080001cb   Thumb Code     0  startup_stm32f411xe.o(.text)
    TAMP_STAMP_IRQHandler                    0x080001cb   Thumb Code     0  startup_stm32f411xe.o(.text)
    TIM1_BRK_TIM9_IRQHandler                 0x080001cb   Thumb Code     0  startup_stm32f411xe.o(.text)
    TIM1_CC_IRQHandler                       0x080001cb   Thumb Code     0  startup_stm32f411xe.o(.text)
    TIM1_TRG_COM_TIM11_IRQHandler            0x080001cb   Thumb Code     0  startup_stm32f411xe.o(.text)
    TIM1_UP_TIM10_IRQHandler                 0x080001cb   Thumb Code     0  startup_stm32f411xe.o(.text)
    TIM2_IRQHandler                          0x080001cb   Thumb Code     0  startup_stm32f411xe.o(.text)
    TIM3_IRQHandler                          0x080001cb   Thumb Code     0  startup_stm32f411xe.o(.text)
    TIM4_IRQHandler                          0x080001cb   Thumb Code     0  startup_stm32f411xe.o(.text)
    TIM5_IRQHandler                          0x080001cb   Thumb Code     0  startup_stm32f411xe.o(.text)
    USART1_IRQHandler                        0x080001cb   Thumb Code     0  startup_stm32f411xe.o(.text)
    USART2_IRQHandler                        0x080001cb   Thumb Code     0  startup_stm32f411xe.o(.text)
    WWDG_IRQHandler                          0x080001cb   Thumb Code     0  startup_stm32f411xe.o(.text)
    __aeabi_uldivmod                         0x080001d5   Thumb Code    98  uldiv.o(.text)
    __aeabi_memset                           0x08000237   Thumb Code    14  memseta.o(.text)
    __aeabi_memset4                          0x08000237   Thumb Code     0  memseta.o(.text)
    __aeabi_memset8                          0x08000237   Thumb Code     0  memseta.o(.text)
    __aeabi_memclr                           0x08000245   Thumb Code     4  memseta.o(.text)
    __aeabi_memclr4                          0x08000245   Thumb Code     0  memseta.o(.text)
    __aeabi_memclr8                          0x08000245   Thumb Code     0  memseta.o(.text)
    _memset$wrapper                          0x08000249   Thumb Code    18  memseta.o(.text)
    __aeabi_llsl                             0x0800025b   Thumb Code    30  llshl.o(.text)
    _ll_shift_l                              0x0800025b   Thumb Code     0  llshl.o(.text)
    __aeabi_llsr                             0x08000279   Thumb Code    32  llushr.o(.text)
    _ll_ushift_r                             0x08000279   Thumb Code     0  llushr.o(.text)
    __scatterload                            0x08000299   Thumb Code    28  init.o(.text)
    __scatterload_rt2                        0x08000299   Thumb Code     0  init.o(.text)
    BSP_PlatformIsDetected                   0x080002bd   Thumb Code    14  fatfs_platform.o(i.BSP_PlatformIsDetected)
    BSP_SD_AbortCallback                     0x080002d1   Thumb Code     2  bsp_driver_sd.o(i.BSP_SD_AbortCallback)
    BSP_SD_GetCardInfo                       0x080002d5   Thumb Code     8  bsp_driver_sd.o(i.BSP_SD_GetCardInfo)
    BSP_SD_GetCardState                      0x080002e1   Thumb Code    20  bsp_driver_sd.o(i.BSP_SD_GetCardState)
    BSP_SD_Init                              0x080002f9   Thumb Code    42  bsp_driver_sd.o(i.BSP_SD_Init)
    BSP_SD_IsDetected                        0x08000329   Thumb Code    22  bsp_driver_sd.o(i.BSP_SD_IsDetected)
    BSP_SD_ReadBlocks                        0x08000341   Thumb Code    26  bsp_driver_sd.o(i.BSP_SD_ReadBlocks)
    BSP_SD_ReadCpltCallback                  0x08000361   Thumb Code     2  bsp_driver_sd.o(i.BSP_SD_ReadCpltCallback)
    BSP_SD_WriteBlocks                       0x08000365   Thumb Code    26  bsp_driver_sd.o(i.BSP_SD_WriteBlocks)
    BSP_SD_WriteCpltCallback                 0x08000385   Thumb Code     2  bsp_driver_sd.o(i.BSP_SD_WriteCpltCallback)
    BusFault_Handler                         0x08000387   Thumb Code     2  stm32f4xx_it.o(i.BusFault_Handler)
    DebugMon_Handler                         0x08000389   Thumb Code     2  stm32f4xx_it.o(i.DebugMon_Handler)
    EXTI0_IRQHandler                         0x0800038b   Thumb Code     6  stm32f4xx_it.o(i.EXTI0_IRQHandler)
    Error_Handler                            0x08000391   Thumb Code     4  main.o(i.Error_Handler)
    FATFS_LinkDriver                         0x08000395   Thumb Code     6  ff_gen_drv.o(i.FATFS_LinkDriver)
    FATFS_LinkDriverEx                       0x0800039d   Thumb Code    64  ff_gen_drv.o(i.FATFS_LinkDriverEx)
    HAL_AT24CXX_Check                        0x080003e1   Thumb Code    42  bl24cxx.o(i.HAL_AT24CXX_Check)
    HAL_AT24CXX_ReadLenByte                  0x0800040b   Thumb Code    32  bl24cxx.o(i.HAL_AT24CXX_ReadLenByte)
    HAL_AT24CXX_ReadOneByte                  0x0800042d   Thumb Code    44  bl24cxx.o(i.HAL_AT24CXX_ReadOneByte)
    HAL_AT24CXX_WriteLenByte                 0x0800045d   Thumb Code    32  bl24cxx.o(i.HAL_AT24CXX_WriteLenByte)
    HAL_AT24CXX_WriteOneByte                 0x0800047d   Thumb Code    44  bl24cxx.o(i.HAL_AT24CXX_WriteOneByte)
    HAL_DMA_Abort                            0x080004ad   Thumb Code   162  stm32f4xx_hal_dma.o(i.HAL_DMA_Abort)
    HAL_DMA_Abort_IT                         0x0800054f   Thumb Code    36  stm32f4xx_hal_dma.o(i.HAL_DMA_Abort_IT)
    HAL_DMA_GetState                         0x08000573   Thumb Code     6  stm32f4xx_hal_dma.o(i.HAL_DMA_GetState)
    HAL_Delay                                0x08000579   Thumb Code    34  stm32f4xx_hal.o(i.HAL_Delay)
    HAL_GPIO_EXTI_Callback                   0x080005a1   Thumb Code    10  main.o(i.HAL_GPIO_EXTI_Callback)
    HAL_GPIO_EXTI_IRQHandler                 0x080005b1   Thumb Code    18  stm32f4xx_hal_gpio.o(i.HAL_GPIO_EXTI_IRQHandler)
    HAL_GPIO_Init                            0x080005c9   Thumb Code   490  stm32f4xx_hal_gpio.o(i.HAL_GPIO_Init)
    HAL_GPIO_ReadPin                         0x080007c5   Thumb Code    14  stm32f4xx_hal_gpio.o(i.HAL_GPIO_ReadPin)
    HAL_GPIO_WritePin                        0x080007d3   Thumb Code    14  stm32f4xx_hal_gpio.o(i.HAL_GPIO_WritePin)
    HAL_GetTick                              0x080007e1   Thumb Code     6  stm32f4xx_hal.o(i.HAL_GetTick)
    HAL_I2C_AbortCpltCallback                0x080007ed   Thumb Code     2  stm32f4xx_hal_i2c.o(i.HAL_I2C_AbortCpltCallback)
    HAL_I2C_AddrCallback                     0x080007ef   Thumb Code     2  stm32f4xx_hal_i2c.o(i.HAL_I2C_AddrCallback)
    HAL_I2C_ER_IRQHandler                    0x080007f1   Thumb Code   192  stm32f4xx_hal_i2c.o(i.HAL_I2C_ER_IRQHandler)
    HAL_I2C_EV_IRQHandler                    0x080008b1   Thumb Code   464  stm32f4xx_hal_i2c.o(i.HAL_I2C_EV_IRQHandler)
    HAL_I2C_ErrorCallback                    0x08000a81   Thumb Code     2  stm32f4xx_hal_i2c.o(i.HAL_I2C_ErrorCallback)
    HAL_I2C_Init                             0x08000a85   Thumb Code   410  stm32f4xx_hal_i2c.o(i.HAL_I2C_Init)
    HAL_I2C_ListenCpltCallback               0x08000c31   Thumb Code     2  stm32f4xx_hal_i2c.o(i.HAL_I2C_ListenCpltCallback)
    HAL_I2C_MasterRxCpltCallback             0x08000c33   Thumb Code     2  stm32f4xx_hal_i2c.o(i.HAL_I2C_MasterRxCpltCallback)
    HAL_I2C_MasterTxCpltCallback             0x08000c35   Thumb Code     2  stm32f4xx_hal_i2c.o(i.HAL_I2C_MasterTxCpltCallback)
    HAL_I2C_MemRxCpltCallback                0x08000c37   Thumb Code     2  stm32f4xx_hal_i2c.o(i.HAL_I2C_MemRxCpltCallback)
    HAL_I2C_MemTxCpltCallback                0x08000c39   Thumb Code     2  stm32f4xx_hal_i2c.o(i.HAL_I2C_MemTxCpltCallback)
    HAL_I2C_Mem_Read                         0x08000c3d   Thumb Code   692  stm32f4xx_hal_i2c.o(i.HAL_I2C_Mem_Read)
    HAL_I2C_Mem_Write                        0x08000efd   Thumb Code   362  stm32f4xx_hal_i2c.o(i.HAL_I2C_Mem_Write)
    HAL_I2C_MspInit                          0x08001071   Thumb Code   126  i2c.o(i.HAL_I2C_MspInit)
    HAL_I2C_SlaveRxCpltCallback              0x080010fd   Thumb Code     2  stm32f4xx_hal_i2c.o(i.HAL_I2C_SlaveRxCpltCallback)
    HAL_I2C_SlaveTxCpltCallback              0x080010ff   Thumb Code     2  stm32f4xx_hal_i2c.o(i.HAL_I2C_SlaveTxCpltCallback)
    HAL_IncTick                              0x08001101   Thumb Code    12  stm32f4xx_hal.o(i.HAL_IncTick)
    HAL_Init                                 0x08001111   Thumb Code    48  stm32f4xx_hal.o(i.HAL_Init)
    HAL_InitTick                             0x08001145   Thumb Code    58  stm32f4xx_hal.o(i.HAL_InitTick)
    HAL_MspInit                              0x08001189   Thumb Code    42  stm32f4xx_hal_msp.o(i.HAL_MspInit)
    HAL_NVIC_EnableIRQ                       0x080011b9   Thumb Code    28  stm32f4xx_hal_cortex.o(i.HAL_NVIC_EnableIRQ)
    HAL_NVIC_SetPriority                     0x080011d5   Thumb Code    98  stm32f4xx_hal_cortex.o(i.HAL_NVIC_SetPriority)
    HAL_NVIC_SetPriorityGrouping             0x0800123d   Thumb Code    30  stm32f4xx_hal_cortex.o(i.HAL_NVIC_SetPriorityGrouping)
    HAL_RCC_ClockConfig                      0x08001261   Thumb Code   354  stm32f4xx_hal_rcc.o(i.HAL_RCC_ClockConfig)
    HAL_RCC_GetHCLKFreq                      0x080013dd   Thumb Code     6  stm32f4xx_hal_rcc.o(i.HAL_RCC_GetHCLKFreq)
    HAL_RCC_GetPCLK1Freq                     0x080013e9   Thumb Code    22  stm32f4xx_hal_rcc.o(i.HAL_RCC_GetPCLK1Freq)
    HAL_RCC_GetPCLK2Freq                     0x08001409   Thumb Code    22  stm32f4xx_hal_rcc.o(i.HAL_RCC_GetPCLK2Freq)
    HAL_RCC_GetSysClockFreq                  0x08001429   Thumb Code    94  stm32f4xx_hal_rcc.o(i.HAL_RCC_GetSysClockFreq)
    HAL_RCC_OscConfig                        0x08001495   Thumb Code  1154  stm32f4xx_hal_rcc.o(i.HAL_RCC_OscConfig)
    HAL_SD_AbortCallback                     0x08001917   Thumb Code     8  bsp_driver_sd.o(i.HAL_SD_AbortCallback)
    HAL_SD_ConfigWideBusOperation            0x08001921   Thumb Code   198  stm32f4xx_hal_sd.o(i.HAL_SD_ConfigWideBusOperation)
    HAL_SD_ErrorCallback                     0x080019ed   Thumb Code     2  stm32f4xx_hal_sd.o(i.HAL_SD_ErrorCallback)
    HAL_SD_GetCardCSD                        0x080019f1   Thumb Code   448  stm32f4xx_hal_sd.o(i.HAL_SD_GetCardCSD)
    HAL_SD_GetCardInfo                       0x08001bb5   Thumb Code    36  stm32f4xx_hal_sd.o(i.HAL_SD_GetCardInfo)
    HAL_SD_GetCardState                      0x08001bd9   Thumb Code    32  stm32f4xx_hal_sd.o(i.HAL_SD_GetCardState)
    HAL_SD_IRQHandler                        0x08001bf9   Thumb Code   502  stm32f4xx_hal_sd.o(i.HAL_SD_IRQHandler)
    HAL_SD_Init                              0x08001df9   Thumb Code    62  stm32f4xx_hal_sd.o(i.HAL_SD_Init)
    HAL_SD_InitCard                          0x08001e39   Thumb Code   156  stm32f4xx_hal_sd.o(i.HAL_SD_InitCard)
    HAL_SD_MspInit                           0x08001edd   Thumb Code   148  sdio.o(i.HAL_SD_MspInit)
    HAL_SD_ReadBlocks                        0x08001f81   Thumb Code   622  stm32f4xx_hal_sd.o(i.HAL_SD_ReadBlocks)
    HAL_SD_RxCpltCallback                    0x080021f5   Thumb Code     8  bsp_driver_sd.o(i.HAL_SD_RxCpltCallback)
    HAL_SD_TxCpltCallback                    0x080021fd   Thumb Code     8  bsp_driver_sd.o(i.HAL_SD_TxCpltCallback)
    HAL_SD_WriteBlocks                       0x08002205   Thumb Code   558  stm32f4xx_hal_sd.o(i.HAL_SD_WriteBlocks)
    HAL_SPI_Init                             0x08002439   Thumb Code   190  stm32f4xx_hal_spi.o(i.HAL_SPI_Init)
    HAL_SPI_MspInit                          0x080024f9   Thumb Code   214  spi.o(i.HAL_SPI_MspInit)
    HAL_SYSTICK_Config                       0x080025e5   Thumb Code    36  stm32f4xx_hal_cortex.o(i.HAL_SYSTICK_Config)
    HAL_UARTEx_RxEventCallback               0x0800260d   Thumb Code     2  stm32f4xx_hal_uart.o(i.HAL_UARTEx_RxEventCallback)
    HAL_UART_ErrorCallback                   0x0800260f   Thumb Code     2  stm32f4xx_hal_uart.o(i.HAL_UART_ErrorCallback)
    HAL_UART_IRQHandler                      0x08002611   Thumb Code   604  stm32f4xx_hal_uart.o(i.HAL_UART_IRQHandler)
    HAL_UART_Init                            0x08002871   Thumb Code   100  stm32f4xx_hal_uart.o(i.HAL_UART_Init)
    HAL_UART_MspInit                         0x080028d5   Thumb Code   110  usart.o(i.HAL_UART_MspInit)
    HAL_UART_RxCpltCallback                  0x08002951   Thumb Code     2  stm32f4xx_hal_uart.o(i.HAL_UART_RxCpltCallback)
    HAL_UART_Transmit                        0x08002953   Thumb Code   202  stm32f4xx_hal_uart.o(i.HAL_UART_Transmit)
    HAL_UART_TxCpltCallback                  0x08002a1d   Thumb Code     2  stm32f4xx_hal_uart.o(i.HAL_UART_TxCpltCallback)
    HardFault_Handler                        0x08002a1f   Thumb Code     2  stm32f4xx_it.o(i.HardFault_Handler)
    I2C1_ER_IRQHandler                       0x08002a21   Thumb Code     6  stm32f4xx_it.o(i.I2C1_ER_IRQHandler)
    I2C1_EV_IRQHandler                       0x08002a2d   Thumb Code     6  stm32f4xx_it.o(i.I2C1_EV_IRQHandler)
    MX_FATFS_Init                            0x08003b59   Thumb Code    16  fatfs.o(i.MX_FATFS_Init)
    MX_GPIO_Init                             0x08003b75   Thumb Code   300  gpio.o(i.MX_GPIO_Init)
    MX_I2C1_Init                             0x08003cb1   Thumb Code    50  i2c.o(i.MX_I2C1_Init)
    MX_SDIO_SD_Init                          0x08003cf1   Thumb Code    28  sdio.o(i.MX_SDIO_SD_Init)
    MX_SPI1_Init                             0x08003d15   Thumb Code    60  spi.o(i.MX_SPI1_Init)
    MX_SPI4_Init                             0x08003d59   Thumb Code    62  spi.o(i.MX_SPI4_Init)
    MX_USART6_UART_Init                      0x08003da1   Thumb Code    48  usart.o(i.MX_USART6_UART_Init)
    MemManage_Handler                        0x08003dd9   Thumb Code     2  stm32f4xx_it.o(i.MemManage_Handler)
    NMI_Handler                              0x08003ddb   Thumb Code     2  stm32f4xx_it.o(i.NMI_Handler)
    PendSV_Handler                           0x08003ddd   Thumb Code     2  stm32f4xx_it.o(i.PendSV_Handler)
    SDIO_ConfigData                          0x08003ddf   Thumb Code    36  stm32f4xx_ll_sdmmc.o(i.SDIO_ConfigData)
    SDIO_GetCommandResponse                  0x08003e03   Thumb Code     6  stm32f4xx_ll_sdmmc.o(i.SDIO_GetCommandResponse)
    SDIO_GetPowerState                       0x08003e09   Thumb Code     8  stm32f4xx_ll_sdmmc.o(i.SDIO_GetPowerState)
    SDIO_GetResponse                         0x08003e11   Thumb Code     6  stm32f4xx_ll_sdmmc.o(i.SDIO_GetResponse)
    SDIO_IRQHandler                          0x08003e19   Thumb Code     6  stm32f4xx_it.o(i.SDIO_IRQHandler)
    SDIO_Init                                0x08003e25   Thumb Code    44  stm32f4xx_ll_sdmmc.o(i.SDIO_Init)
    SDIO_PowerState_ON                       0x08003e51   Thumb Code     8  stm32f4xx_ll_sdmmc.o(i.SDIO_PowerState_ON)
    SDIO_ReadFIFO                            0x08003e59   Thumb Code     6  stm32f4xx_ll_sdmmc.o(i.SDIO_ReadFIFO)
    SDIO_SendCommand                         0x08003e5f   Thumb Code    32  stm32f4xx_ll_sdmmc.o(i.SDIO_SendCommand)
    SDIO_WriteFIFO                           0x08003e7f   Thumb Code    10  stm32f4xx_ll_sdmmc.o(i.SDIO_WriteFIFO)
    SDMMC_CmdAppCommand                      0x08003e89   Thumb Code    50  stm32f4xx_ll_sdmmc.o(i.SDMMC_CmdAppCommand)
    SDMMC_CmdAppOperCommand                  0x08003ebb   Thumb Code    52  stm32f4xx_ll_sdmmc.o(i.SDMMC_CmdAppOperCommand)
    SDMMC_CmdBlockLength                     0x08003eef   Thumb Code    50  stm32f4xx_ll_sdmmc.o(i.SDMMC_CmdBlockLength)
    SDMMC_CmdBusWidth                        0x08003f21   Thumb Code    50  stm32f4xx_ll_sdmmc.o(i.SDMMC_CmdBusWidth)
    SDMMC_CmdGoIdleState                     0x08003f53   Thumb Code    40  stm32f4xx_ll_sdmmc.o(i.SDMMC_CmdGoIdleState)
    SDMMC_CmdOperCond                        0x08003f7b   Thumb Code    48  stm32f4xx_ll_sdmmc.o(i.SDMMC_CmdOperCond)
    SDMMC_CmdReadMultiBlock                  0x08003fab   Thumb Code    50  stm32f4xx_ll_sdmmc.o(i.SDMMC_CmdReadMultiBlock)
    SDMMC_CmdReadSingleBlock                 0x08003fdd   Thumb Code    50  stm32f4xx_ll_sdmmc.o(i.SDMMC_CmdReadSingleBlock)
    SDMMC_CmdSelDesel                        0x0800400f   Thumb Code    50  stm32f4xx_ll_sdmmc.o(i.SDMMC_CmdSelDesel)
    SDMMC_CmdSendCID                         0x08004041   Thumb Code    44  stm32f4xx_ll_sdmmc.o(i.SDMMC_CmdSendCID)
    SDMMC_CmdSendCSD                         0x0800406d   Thumb Code    44  stm32f4xx_ll_sdmmc.o(i.SDMMC_CmdSendCSD)
    SDMMC_CmdSendSCR                         0x08004099   Thumb Code    48  stm32f4xx_ll_sdmmc.o(i.SDMMC_CmdSendSCR)
    SDMMC_CmdSendStatus                      0x080040c9   Thumb Code    50  stm32f4xx_ll_sdmmc.o(i.SDMMC_CmdSendStatus)
    SDMMC_CmdSetRelAdd                       0x080040fb   Thumb Code    58  stm32f4xx_ll_sdmmc.o(i.SDMMC_CmdSetRelAdd)
    SDMMC_CmdStopTransfer                    0x08004135   Thumb Code    46  stm32f4xx_ll_sdmmc.o(i.SDMMC_CmdStopTransfer)
    SDMMC_CmdWriteMultiBlock                 0x08004169   Thumb Code    50  stm32f4xx_ll_sdmmc.o(i.SDMMC_CmdWriteMultiBlock)
    SDMMC_CmdWriteSingleBlock                0x0800419b   Thumb Code    50  stm32f4xx_ll_sdmmc.o(i.SDMMC_CmdWriteSingleBlock)
    SDMMC_GetCmdResp1                        0x080041fd   Thumb Code   324  stm32f4xx_ll_sdmmc.o(i.SDMMC_GetCmdResp1)
    SDMMC_GetCmdResp2                        0x08004349   Thumb Code    82  stm32f4xx_ll_sdmmc.o(i.SDMMC_GetCmdResp2)
    SDMMC_GetCmdResp3                        0x080043a1   Thumb Code    66  stm32f4xx_ll_sdmmc.o(i.SDMMC_GetCmdResp3)
    SDMMC_GetCmdResp6                        0x080043e9   Thumb Code   148  stm32f4xx_ll_sdmmc.o(i.SDMMC_GetCmdResp6)
    SDMMC_GetCmdResp7                        0x08004481   Thumb Code    90  stm32f4xx_ll_sdmmc.o(i.SDMMC_GetCmdResp7)
    SD_initialize                            0x080049ed   Thumb Code    28  sd_diskio.o(i.SD_initialize)
    SD_ioctl                                 0x08004a0d   Thumb Code    98  sd_diskio.o(i.SD_ioctl)
    SD_read                                  0x08004a75   Thumb Code    32  sd_diskio.o(i.SD_read)
    SD_status                                0x08004a95   Thumb Code     4  sd_diskio.o(i.SD_status)
    SD_write                                 0x08004a99   Thumb Code    32  sd_diskio.o(i.SD_write)
    SVC_Handler                              0x08004ab9   Thumb Code     2  stm32f4xx_it.o(i.SVC_Handler)
    SysTick_Handler                          0x08004abb   Thumb Code     4  stm32f4xx_it.o(i.SysTick_Handler)
    SystemClock_Config                       0x08004ac1   Thumb Code   136  main.o(i.SystemClock_Config)
    SystemInit                               0x08004b51   Thumb Code    12  system_stm32f4xx.o(i.SystemInit)
    USART6_IRQHandler                        0x08004e89   Thumb Code     6  stm32f4xx_it.o(i.USART6_IRQHandler)
    UsageFault_Handler                       0x08004e95   Thumb Code     2  stm32f4xx_it.o(i.UsageFault_Handler)
    __0printf$2                              0x08004e99   Thumb Code    22  printf2.o(i.__0printf$2)
    __1printf$2                              0x08004e99   Thumb Code     0  printf2.o(i.__0printf$2)
    __2printf                                0x08004e99   Thumb Code     0  printf2.o(i.__0printf$2)
    __scatterload_copy                       0x08004eb9   Thumb Code    14  handlers.o(i.__scatterload_copy)
    __scatterload_null                       0x08004ec7   Thumb Code     2  handlers.o(i.__scatterload_null)
    __scatterload_zeroinit                   0x08004ec9   Thumb Code    14  handlers.o(i.__scatterload_zeroinit)
    fputc                                    0x08004fad   Thumb Code    20  usart.o(i.fputc)
    main                                     0x08004fc5   Thumb Code   116  main.o(i.main)
    AHBPrescTable                            0x08005094   Data          16  system_stm32f4xx.o(.constdata)
    APBPrescTable                            0x080050a4   Data           8  system_stm32f4xx.o(.constdata)
    SD_Driver                                0x080050ac   Data          20  sd_diskio.o(.constdata)
    Region$$Table$$Base                      0x080050c0   Number         0  anon$$obj.o(Region$$Table)
    Region$$Table$$Limit                     0x080050e0   Number         0  anon$$obj.o(Region$$Table)
    Restart_Play_flag                        0x20000000   Data           1  vs1053.o(.data)
    result                                   0x20000003   Data           1  vs1053.o(.data)
    bw                                       0x20000004   Data           4  vs1053.o(.data)
    vsset                                    0x20000008   Data           6  vs1053.o(.data)
    uwTickFreq                               0x20000010   Data           1  stm32f4xx_hal.o(.data)
    uwTickPrio                               0x20000014   Data           4  stm32f4xx_hal.o(.data)
    uwTick                                   0x20000018   Data           4  stm32f4xx_hal.o(.data)
    SystemCoreClock                          0x2000001c   Data           4  system_stm32f4xx.o(.data)
    retSD                                    0x20000021   Data           1  fatfs.o(.data)
    SDPath                                   0x20000022   Data           4  fatfs.o(.data)
    __stdout                                 0x20000028   Data           4  stdout.o(.data)
    hi2c1                                    0x2000002c   Data          84  i2c.o(.bss)
    hsd                                      0x20000080   Data         132  sdio.o(.bss)
    hspi1                                    0x20000104   Data          88  spi.o(.bss)
    hspi4                                    0x2000015c   Data          88  spi.o(.bss)
    huart6                                   0x200001b4   Data          68  usart.o(.bss)
    disk                                     0x200001f8   Data          12  ff_gen_drv.o(.bss)
    __initial_sp                             0x20004208   Data           0  startup_stm32f411xe.o(STACK)



==============================================================================

Memory Map of the image

  Image Entry point : 0x08000199

  Load Region LR_IROM1 (Base: 0x08000000, Size: 0x0000510c, Max: 0x00080000, ABSOLUTE)

    Execution Region ER_IROM1 (Exec base: 0x08000000, Load base: 0x08000000, Size: 0x000050e0, Max: 0x00080000, ABSOLUTE)

    Exec Addr    Load Addr    Size         Type   Attr      Idx    E Section Name        Object

    0x08000000   0x08000000   0x00000198   Data   RO            3    RESET               startup_stm32f411xe.o
    0x08000198   0x08000198   0x00000000   Code   RO         5174  * .ARM.Collect$$$$00000000  mc_w.l(entry.o)
    0x08000198   0x08000198   0x00000004   Code   RO         5460    .ARM.Collect$$$$00000001  mc_w.l(entry2.o)
    0x0800019c   0x0800019c   0x00000004   Code   RO         5463    .ARM.Collect$$$$00000004  mc_w.l(entry5.o)
    0x080001a0   0x080001a0   0x00000000   Code   RO         5465    .ARM.Collect$$$$00000008  mc_w.l(entry7b.o)
    0x080001a0   0x080001a0   0x00000000   Code   RO         5467    .ARM.Collect$$$$0000000A  mc_w.l(entry8b.o)
    0x080001a0   0x080001a0   0x00000008   Code   RO         5468    .ARM.Collect$$$$0000000B  mc_w.l(entry9a.o)
    0x080001a8   0x080001a8   0x00000004   Code   RO         5475    .ARM.Collect$$$$0000000E  mc_w.l(entry12b.o)
    0x080001ac   0x080001ac   0x00000000   Code   RO         5470    .ARM.Collect$$$$0000000F  mc_w.l(entry10a.o)
    0x080001ac   0x080001ac   0x00000000   Code   RO         5472    .ARM.Collect$$$$00000011  mc_w.l(entry11a.o)
    0x080001ac   0x080001ac   0x00000004   Code   RO         5461    .ARM.Collect$$$$00002712  mc_w.l(entry2.o)
    0x080001b0   0x080001b0   0x00000024   Code   RO            4    .text               startup_stm32f411xe.o
    0x080001d4   0x080001d4   0x00000062   Code   RO         5177    .text               mc_w.l(uldiv.o)
    0x08000236   0x08000236   0x00000024   Code   RO         5179    .text               mc_w.l(memseta.o)
    0x0800025a   0x0800025a   0x0000001e   Code   RO         5479    .text               mc_w.l(llshl.o)
    0x08000278   0x08000278   0x00000020   Code   RO         5481    .text               mc_w.l(llushr.o)
    0x08000298   0x08000298   0x00000024   Code   RO         5492    .text               mc_w.l(init.o)
    0x080002bc   0x080002bc   0x00000014   Code   RO         4568    i.BSP_PlatformIsDetected  fatfs_platform.o
    0x080002d0   0x080002d0   0x00000002   Code   RO         4387    i.BSP_SD_AbortCallback  bsp_driver_sd.o
    0x080002d2   0x080002d2   0x00000002   PAD
    0x080002d4   0x080002d4   0x0000000c   Code   RO         4390    i.BSP_SD_GetCardInfo  bsp_driver_sd.o
    0x080002e0   0x080002e0   0x00000018   Code   RO         4391    i.BSP_SD_GetCardState  bsp_driver_sd.o
    0x080002f8   0x080002f8   0x00000030   Code   RO         4393    i.BSP_SD_Init       bsp_driver_sd.o
    0x08000328   0x08000328   0x00000016   Code   RO         4394    i.BSP_SD_IsDetected  bsp_driver_sd.o
    0x0800033e   0x0800033e   0x00000002   PAD
    0x08000340   0x08000340   0x00000020   Code   RO         4395    i.BSP_SD_ReadBlocks  bsp_driver_sd.o
    0x08000360   0x08000360   0x00000002   Code   RO         4397    i.BSP_SD_ReadCpltCallback  bsp_driver_sd.o
    0x08000362   0x08000362   0x00000002   PAD
    0x08000364   0x08000364   0x00000020   Code   RO         4398    i.BSP_SD_WriteBlocks  bsp_driver_sd.o
    0x08000384   0x08000384   0x00000002   Code   RO         4400    i.BSP_SD_WriteCpltCallback  bsp_driver_sd.o
    0x08000386   0x08000386   0x00000002   Code   RO         1136    i.BusFault_Handler  stm32f4xx_it.o
    0x08000388   0x08000388   0x00000002   Code   RO         1137    i.DebugMon_Handler  stm32f4xx_it.o
    0x0800038a   0x0800038a   0x00000006   Code   RO         1138    i.EXTI0_IRQHandler  stm32f4xx_it.o
    0x08000390   0x08000390   0x00000004   Code   RO          828    i.Error_Handler     main.o
    0x08000394   0x08000394   0x00000006   Code   RO         5071    i.FATFS_LinkDriver  ff_gen_drv.o
    0x0800039a   0x0800039a   0x00000002   PAD
    0x0800039c   0x0800039c   0x00000044   Code   RO         5072    i.FATFS_LinkDriverEx  ff_gen_drv.o
    0x080003e0   0x080003e0   0x0000002a   Code   RO         1266    i.HAL_AT24CXX_Check  bl24cxx.o
    0x0800040a   0x0800040a   0x00000020   Code   RO         1267    i.HAL_AT24CXX_ReadLenByte  bl24cxx.o
    0x0800042a   0x0800042a   0x00000002   PAD
    0x0800042c   0x0800042c   0x00000030   Code   RO         1268    i.HAL_AT24CXX_ReadOneByte  bl24cxx.o
    0x0800045c   0x0800045c   0x00000020   Code   RO         1269    i.HAL_AT24CXX_WriteLenByte  bl24cxx.o
    0x0800047c   0x0800047c   0x00000030   Code   RO         1270    i.HAL_AT24CXX_WriteOneByte  bl24cxx.o
    0x080004ac   0x080004ac   0x000000a2   Code   RO         1885    i.HAL_DMA_Abort     stm32f4xx_hal_dma.o
    0x0800054e   0x0800054e   0x00000024   Code   RO         1886    i.HAL_DMA_Abort_IT  stm32f4xx_hal_dma.o
    0x08000572   0x08000572   0x00000006   Code   RO         1889    i.HAL_DMA_GetState  stm32f4xx_hal_dma.o
    0x08000578   0x08000578   0x00000028   Code   RO         2323    i.HAL_Delay         stm32f4xx_hal.o
    0x080005a0   0x080005a0   0x00000010   Code   RO          829    i.HAL_GPIO_EXTI_Callback  main.o
    0x080005b0   0x080005b0   0x00000018   Code   RO         1777    i.HAL_GPIO_EXTI_IRQHandler  stm32f4xx_hal_gpio.o
    0x080005c8   0x080005c8   0x000001fc   Code   RO         1778    i.HAL_GPIO_Init     stm32f4xx_hal_gpio.o
    0x080007c4   0x080007c4   0x0000000e   Code   RO         1780    i.HAL_GPIO_ReadPin  stm32f4xx_hal_gpio.o
    0x080007d2   0x080007d2   0x0000000e   Code   RO         1782    i.HAL_GPIO_WritePin  stm32f4xx_hal_gpio.o
    0x080007e0   0x080007e0   0x0000000c   Code   RO         2329    i.HAL_GetTick       stm32f4xx_hal.o
    0x080007ec   0x080007ec   0x00000002   Code   RO         2574    i.HAL_I2C_AbortCpltCallback  stm32f4xx_hal_i2c.o
    0x080007ee   0x080007ee   0x00000002   Code   RO         2575    i.HAL_I2C_AddrCallback  stm32f4xx_hal_i2c.o
    0x080007f0   0x080007f0   0x000000c0   Code   RO         2578    i.HAL_I2C_ER_IRQHandler  stm32f4xx_hal_i2c.o
    0x080008b0   0x080008b0   0x000001d0   Code   RO         2579    i.HAL_I2C_EV_IRQHandler  stm32f4xx_hal_i2c.o
    0x08000a80   0x08000a80   0x00000002   Code   RO         2581    i.HAL_I2C_ErrorCallback  stm32f4xx_hal_i2c.o
    0x08000a82   0x08000a82   0x00000002   PAD
    0x08000a84   0x08000a84   0x000001ac   Code   RO         2585    i.HAL_I2C_Init      stm32f4xx_hal_i2c.o
    0x08000c30   0x08000c30   0x00000002   Code   RO         2587    i.HAL_I2C_ListenCpltCallback  stm32f4xx_hal_i2c.o
    0x08000c32   0x08000c32   0x00000002   Code   RO         2588    i.HAL_I2C_MasterRxCpltCallback  stm32f4xx_hal_i2c.o
    0x08000c34   0x08000c34   0x00000002   Code   RO         2589    i.HAL_I2C_MasterTxCpltCallback  stm32f4xx_hal_i2c.o
    0x08000c36   0x08000c36   0x00000002   Code   RO         2601    i.HAL_I2C_MemRxCpltCallback  stm32f4xx_hal_i2c.o
    0x08000c38   0x08000c38   0x00000002   Code   RO         2602    i.HAL_I2C_MemTxCpltCallback  stm32f4xx_hal_i2c.o
    0x08000c3a   0x08000c3a   0x00000002   PAD
    0x08000c3c   0x08000c3c   0x000002c0   Code   RO         2603    i.HAL_I2C_Mem_Read  stm32f4xx_hal_i2c.o
    0x08000efc   0x08000efc   0x00000174   Code   RO         2606    i.HAL_I2C_Mem_Write  stm32f4xx_hal_i2c.o
    0x08001070   0x08001070   0x0000008c   Code   RO          933    i.HAL_I2C_MspInit   i2c.o
    0x080010fc   0x080010fc   0x00000002   Code   RO         2611    i.HAL_I2C_SlaveRxCpltCallback  stm32f4xx_hal_i2c.o
    0x080010fe   0x080010fe   0x00000002   Code   RO         2612    i.HAL_I2C_SlaveTxCpltCallback  stm32f4xx_hal_i2c.o
    0x08001100   0x08001100   0x00000010   Code   RO         2335    i.HAL_IncTick       stm32f4xx_hal.o
    0x08001110   0x08001110   0x00000034   Code   RO         2336    i.HAL_Init          stm32f4xx_hal.o
    0x08001144   0x08001144   0x00000044   Code   RO         2337    i.HAL_InitTick      stm32f4xx_hal.o
    0x08001188   0x08001188   0x00000030   Code   RO         1242    i.HAL_MspInit       stm32f4xx_hal_msp.o
    0x080011b8   0x080011b8   0x0000001c   Code   RO         2191    i.HAL_NVIC_EnableIRQ  stm32f4xx_hal_cortex.o
    0x080011d4   0x080011d4   0x00000068   Code   RO         2197    i.HAL_NVIC_SetPriority  stm32f4xx_hal_cortex.o
    0x0800123c   0x0800123c   0x00000024   Code   RO         2198    i.HAL_NVIC_SetPriorityGrouping  stm32f4xx_hal_cortex.o
    0x08001260   0x08001260   0x0000017c   Code   RO         1315    i.HAL_RCC_ClockConfig  stm32f4xx_hal_rcc.o
    0x080013dc   0x080013dc   0x0000000c   Code   RO         1320    i.HAL_RCC_GetHCLKFreq  stm32f4xx_hal_rcc.o
    0x080013e8   0x080013e8   0x00000020   Code   RO         1322    i.HAL_RCC_GetPCLK1Freq  stm32f4xx_hal_rcc.o
    0x08001408   0x08001408   0x00000020   Code   RO         1323    i.HAL_RCC_GetPCLK2Freq  stm32f4xx_hal_rcc.o
    0x08001428   0x08001428   0x0000006c   Code   RO         1324    i.HAL_RCC_GetSysClockFreq  stm32f4xx_hal_rcc.o
    0x08001494   0x08001494   0x00000482   Code   RO         1327    i.HAL_RCC_OscConfig  stm32f4xx_hal_rcc.o
    0x08001916   0x08001916   0x00000008   Code   RO         4401    i.HAL_SD_AbortCallback  bsp_driver_sd.o
    0x0800191e   0x0800191e   0x00000002   PAD
    0x08001920   0x08001920   0x000000cc   Code   RO         3372    i.HAL_SD_ConfigWideBusOperation  stm32f4xx_hal_sd.o
    0x080019ec   0x080019ec   0x00000002   Code   RO         3375    i.HAL_SD_ErrorCallback  stm32f4xx_hal_sd.o
    0x080019ee   0x080019ee   0x00000002   PAD
    0x080019f0   0x080019f0   0x000001c4   Code   RO         3377    i.HAL_SD_GetCardCSD  stm32f4xx_hal_sd.o
    0x08001bb4   0x08001bb4   0x00000024   Code   RO         3378    i.HAL_SD_GetCardInfo  stm32f4xx_hal_sd.o
    0x08001bd8   0x08001bd8   0x00000020   Code   RO         3379    i.HAL_SD_GetCardState  stm32f4xx_hal_sd.o
    0x08001bf8   0x08001bf8   0x00000200   Code   RO         3383    i.HAL_SD_IRQHandler  stm32f4xx_hal_sd.o
    0x08001df8   0x08001df8   0x0000003e   Code   RO         3384    i.HAL_SD_Init       stm32f4xx_hal_sd.o
    0x08001e36   0x08001e36   0x00000002   PAD
    0x08001e38   0x08001e38   0x000000a4   Code   RO         3385    i.HAL_SD_InitCard   stm32f4xx_hal_sd.o
    0x08001edc   0x08001edc   0x000000a4   Code   RO          975    i.HAL_SD_MspInit    sdio.o
    0x08001f80   0x08001f80   0x00000274   Code   RO         3388    i.HAL_SD_ReadBlocks  stm32f4xx_hal_sd.o
    0x080021f4   0x080021f4   0x00000008   Code   RO         4402    i.HAL_SD_RxCpltCallback  bsp_driver_sd.o
    0x080021fc   0x080021fc   0x00000008   Code   RO         4403    i.HAL_SD_TxCpltCallback  bsp_driver_sd.o
    0x08002204   0x08002204   0x00000234   Code   RO         3393    i.HAL_SD_WriteBlocks  stm32f4xx_hal_sd.o
    0x08002438   0x08002438   0x000000be   Code   RO         3635    i.HAL_SPI_Init      stm32f4xx_hal_spi.o
    0x080024f6   0x080024f6   0x00000002   PAD
    0x080024f8   0x080024f8   0x000000ec   Code   RO         1017    i.HAL_SPI_MspInit   spi.o
    0x080025e4   0x080025e4   0x00000028   Code   RO         2202    i.HAL_SYSTICK_Config  stm32f4xx_hal_cortex.o
    0x0800260c   0x0800260c   0x00000002   Code   RO         3993    i.HAL_UARTEx_RxEventCallback  stm32f4xx_hal_uart.o
    0x0800260e   0x0800260e   0x00000002   Code   RO         4007    i.HAL_UART_ErrorCallback  stm32f4xx_hal_uart.o
    0x08002610   0x08002610   0x00000260   Code   RO         4010    i.HAL_UART_IRQHandler  stm32f4xx_hal_uart.o
    0x08002870   0x08002870   0x00000064   Code   RO         4011    i.HAL_UART_Init     stm32f4xx_hal_uart.o
    0x080028d4   0x080028d4   0x0000007c   Code   RO         1077    i.HAL_UART_MspInit  usart.o
    0x08002950   0x08002950   0x00000002   Code   RO         4017    i.HAL_UART_RxCpltCallback  stm32f4xx_hal_uart.o
    0x08002952   0x08002952   0x000000ca   Code   RO         4019    i.HAL_UART_Transmit  stm32f4xx_hal_uart.o
    0x08002a1c   0x08002a1c   0x00000002   Code   RO         4022    i.HAL_UART_TxCpltCallback  stm32f4xx_hal_uart.o
    0x08002a1e   0x08002a1e   0x00000002   Code   RO         1139    i.HardFault_Handler  stm32f4xx_it.o
    0x08002a20   0x08002a20   0x0000000c   Code   RO         1140    i.I2C1_ER_IRQHandler  stm32f4xx_it.o
    0x08002a2c   0x08002a2c   0x0000000c   Code   RO         1141    i.I2C1_EV_IRQHandler  stm32f4xx_it.o
    0x08002a38   0x08002a38   0x0000001c   Code   RO         2623    i.I2C_ConvertOtherXferOptions  stm32f4xx_hal_i2c.o
    0x08002a54   0x08002a54   0x000000cc   Code   RO         2624    i.I2C_DMAAbort      stm32f4xx_hal_i2c.o
    0x08002b20   0x08002b20   0x0000016c   Code   RO         2627    i.I2C_ITError       stm32f4xx_hal_i2c.o
    0x08002c8c   0x08002c8c   0x00000032   Code   RO         2628    i.I2C_IsAcknowledgeFailed  stm32f4xx_hal_i2c.o
    0x08002cbe   0x08002cbe   0x00000100   Code   RO         2629    i.I2C_MasterReceive_BTF  stm32f4xx_hal_i2c.o
    0x08002dbe   0x08002dbe   0x000000dc   Code   RO         2630    i.I2C_MasterReceive_RXNE  stm32f4xx_hal_i2c.o
    0x08002e9a   0x08002e9a   0x00000096   Code   RO         2633    i.I2C_MasterTransmit_BTF  stm32f4xx_hal_i2c.o
    0x08002f30   0x08002f30   0x000000c4   Code   RO         2634    i.I2C_MasterTransmit_TXE  stm32f4xx_hal_i2c.o
    0x08002ff4   0x08002ff4   0x0000002a   Code   RO         2635    i.I2C_Master_ADD10  stm32f4xx_hal_i2c.o
    0x0800301e   0x0800301e   0x000001d2   Code   RO         2636    i.I2C_Master_ADDR   stm32f4xx_hal_i2c.o
    0x080031f0   0x080031f0   0x000000a0   Code   RO         2637    i.I2C_Master_SB     stm32f4xx_hal_i2c.o
    0x08003290   0x08003290   0x000000b6   Code   RO         2638    i.I2C_MemoryTransmit_TXE_BTF  stm32f4xx_hal_i2c.o
    0x08003346   0x08003346   0x00000002   PAD
    0x08003348   0x08003348   0x00000154   Code   RO         2639    i.I2C_RequestMemoryRead  stm32f4xx_hal_i2c.o
    0x0800349c   0x0800349c   0x000000d0   Code   RO         2640    i.I2C_RequestMemoryWrite  stm32f4xx_hal_i2c.o
    0x0800356c   0x0800356c   0x0000001c   Code   RO         2641    i.I2C_SlaveReceive_BTF  stm32f4xx_hal_i2c.o
    0x08003588   0x08003588   0x00000044   Code   RO         2642    i.I2C_SlaveReceive_RXNE  stm32f4xx_hal_i2c.o
    0x080035cc   0x080035cc   0x0000001c   Code   RO         2643    i.I2C_SlaveTransmit_BTF  stm32f4xx_hal_i2c.o
    0x080035e8   0x080035e8   0x00000044   Code   RO         2644    i.I2C_SlaveTransmit_TXE  stm32f4xx_hal_i2c.o
    0x0800362c   0x0800362c   0x0000004e   Code   RO         2645    i.I2C_Slave_ADDR    stm32f4xx_hal_i2c.o
    0x0800367a   0x0800367a   0x00000002   PAD
    0x0800367c   0x0800367c   0x00000084   Code   RO         2646    i.I2C_Slave_AF      stm32f4xx_hal_i2c.o
    0x08003700   0x08003700   0x00000160   Code   RO         2647    i.I2C_Slave_STOPF   stm32f4xx_hal_i2c.o
    0x08003860   0x08003860   0x0000005c   Code   RO         2648    i.I2C_WaitOnBTFFlagUntilTimeout  stm32f4xx_hal_i2c.o
    0x080038bc   0x080038bc   0x000000b4   Code   RO         2649    i.I2C_WaitOnFlagUntilTimeout  stm32f4xx_hal_i2c.o
    0x08003970   0x08003970   0x000000ce   Code   RO         2650    i.I2C_WaitOnMasterAddressFlagUntilTimeout  stm32f4xx_hal_i2c.o
    0x08003a3e   0x08003a3e   0x0000007c   Code   RO         2651    i.I2C_WaitOnRXNEFlagUntilTimeout  stm32f4xx_hal_i2c.o
    0x08003aba   0x08003aba   0x00000002   PAD
    0x08003abc   0x08003abc   0x00000040   Code   RO         2653    i.I2C_WaitOnSTOPRequestThroughIT  stm32f4xx_hal_i2c.o
    0x08003afc   0x08003afc   0x0000005c   Code   RO         2654    i.I2C_WaitOnTXEFlagUntilTimeout  stm32f4xx_hal_i2c.o
    0x08003b58   0x08003b58   0x0000001c   Code   RO         4592    i.MX_FATFS_Init     fatfs.o
    0x08003b74   0x08003b74   0x0000013c   Code   RO          908    i.MX_GPIO_Init      gpio.o
    0x08003cb0   0x08003cb0   0x00000040   Code   RO          934    i.MX_I2C1_Init      i2c.o
    0x08003cf0   0x08003cf0   0x00000024   Code   RO          976    i.MX_SDIO_SD_Init   sdio.o
    0x08003d14   0x08003d14   0x00000044   Code   RO         1018    i.MX_SPI1_Init      spi.o
    0x08003d58   0x08003d58   0x00000048   Code   RO         1019    i.MX_SPI4_Init      spi.o
    0x08003da0   0x08003da0   0x00000038   Code   RO         1078    i.MX_USART6_UART_Init  usart.o
    0x08003dd8   0x08003dd8   0x00000002   Code   RO         1142    i.MemManage_Handler  stm32f4xx_it.o
    0x08003dda   0x08003dda   0x00000002   Code   RO         1143    i.NMI_Handler       stm32f4xx_it.o
    0x08003ddc   0x08003ddc   0x00000002   Code   RO         1144    i.PendSV_Handler    stm32f4xx_it.o
    0x08003dde   0x08003dde   0x00000024   Code   RO         3076    i.SDIO_ConfigData   stm32f4xx_ll_sdmmc.o
    0x08003e02   0x08003e02   0x00000006   Code   RO         3077    i.SDIO_GetCommandResponse  stm32f4xx_ll_sdmmc.o
    0x08003e08   0x08003e08   0x00000008   Code   RO         3080    i.SDIO_GetPowerState  stm32f4xx_ll_sdmmc.o
    0x08003e10   0x08003e10   0x00000006   Code   RO         3081    i.SDIO_GetResponse  stm32f4xx_ll_sdmmc.o
    0x08003e16   0x08003e16   0x00000002   PAD
    0x08003e18   0x08003e18   0x0000000c   Code   RO         1145    i.SDIO_IRQHandler   stm32f4xx_it.o
    0x08003e24   0x08003e24   0x0000002c   Code   RO         3082    i.SDIO_Init         stm32f4xx_ll_sdmmc.o
    0x08003e50   0x08003e50   0x00000008   Code   RO         3084    i.SDIO_PowerState_ON  stm32f4xx_ll_sdmmc.o
    0x08003e58   0x08003e58   0x00000006   Code   RO         3085    i.SDIO_ReadFIFO     stm32f4xx_ll_sdmmc.o
    0x08003e5e   0x08003e5e   0x00000020   Code   RO         3086    i.SDIO_SendCommand  stm32f4xx_ll_sdmmc.o
    0x08003e7e   0x08003e7e   0x0000000a   Code   RO         3088    i.SDIO_WriteFIFO    stm32f4xx_ll_sdmmc.o
    0x08003e88   0x08003e88   0x00000032   Code   RO         3089    i.SDMMC_CmdAppCommand  stm32f4xx_ll_sdmmc.o
    0x08003eba   0x08003eba   0x00000034   Code   RO         3090    i.SDMMC_CmdAppOperCommand  stm32f4xx_ll_sdmmc.o
    0x08003eee   0x08003eee   0x00000032   Code   RO         3091    i.SDMMC_CmdBlockLength  stm32f4xx_ll_sdmmc.o
    0x08003f20   0x08003f20   0x00000032   Code   RO         3092    i.SDMMC_CmdBusWidth  stm32f4xx_ll_sdmmc.o
    0x08003f52   0x08003f52   0x00000028   Code   RO         3096    i.SDMMC_CmdGoIdleState  stm32f4xx_ll_sdmmc.o
    0x08003f7a   0x08003f7a   0x00000030   Code   RO         3098    i.SDMMC_CmdOperCond  stm32f4xx_ll_sdmmc.o
    0x08003faa   0x08003faa   0x00000032   Code   RO         3099    i.SDMMC_CmdReadMultiBlock  stm32f4xx_ll_sdmmc.o
    0x08003fdc   0x08003fdc   0x00000032   Code   RO         3100    i.SDMMC_CmdReadSingleBlock  stm32f4xx_ll_sdmmc.o
    0x0800400e   0x0800400e   0x00000032   Code   RO         3103    i.SDMMC_CmdSelDesel  stm32f4xx_ll_sdmmc.o
    0x08004040   0x08004040   0x0000002c   Code   RO         3104    i.SDMMC_CmdSendCID  stm32f4xx_ll_sdmmc.o
    0x0800406c   0x0800406c   0x0000002c   Code   RO         3105    i.SDMMC_CmdSendCSD  stm32f4xx_ll_sdmmc.o
    0x08004098   0x08004098   0x00000030   Code   RO         3107    i.SDMMC_CmdSendSCR  stm32f4xx_ll_sdmmc.o
    0x080040c8   0x080040c8   0x00000032   Code   RO         3108    i.SDMMC_CmdSendStatus  stm32f4xx_ll_sdmmc.o
    0x080040fa   0x080040fa   0x0000003a   Code   RO         3109    i.SDMMC_CmdSetRelAdd  stm32f4xx_ll_sdmmc.o
    0x08004134   0x08004134   0x00000034   Code   RO         3112    i.SDMMC_CmdStopTransfer  stm32f4xx_ll_sdmmc.o
    0x08004168   0x08004168   0x00000032   Code   RO         3114    i.SDMMC_CmdWriteMultiBlock  stm32f4xx_ll_sdmmc.o
    0x0800419a   0x0800419a   0x00000032   Code   RO         3115    i.SDMMC_CmdWriteSingleBlock  stm32f4xx_ll_sdmmc.o
    0x080041cc   0x080041cc   0x00000030   Code   RO         3116    i.SDMMC_GetCmdError  stm32f4xx_ll_sdmmc.o
    0x080041fc   0x080041fc   0x0000014c   Code   RO         3117    i.SDMMC_GetCmdResp1  stm32f4xx_ll_sdmmc.o
    0x08004348   0x08004348   0x00000058   Code   RO         3118    i.SDMMC_GetCmdResp2  stm32f4xx_ll_sdmmc.o
    0x080043a0   0x080043a0   0x00000048   Code   RO         3119    i.SDMMC_GetCmdResp3  stm32f4xx_ll_sdmmc.o
    0x080043e8   0x080043e8   0x00000098   Code   RO         3120    i.SDMMC_GetCmdResp6  stm32f4xx_ll_sdmmc.o
    0x08004480   0x08004480   0x00000060   Code   RO         3121    i.SDMMC_GetCmdResp7  stm32f4xx_ll_sdmmc.o
    0x080044e0   0x080044e0   0x00000020   Code   RO         4508    i.SD_CheckStatus    sd_diskio.o
    0x08004500   0x08004500   0x00000044   Code   RO         3398    i.SD_DMARxAbort     stm32f4xx_hal_sd.o
    0x08004544   0x08004544   0x00000044   Code   RO         3400    i.SD_DMATxAbort     stm32f4xx_hal_sd.o
    0x08004588   0x08004588   0x00000142   Code   RO         3401    i.SD_FindSCR        stm32f4xx_hal_sd.o
    0x080046ca   0x080046ca   0x000000f0   Code   RO         3402    i.SD_InitCard       stm32f4xx_hal_sd.o
    0x080047ba   0x080047ba   0x00000002   PAD
    0x080047bc   0x080047bc   0x000000b8   Code   RO         3404    i.SD_PowerON        stm32f4xx_hal_sd.o
    0x08004874   0x08004874   0x00000040   Code   RO         3405    i.SD_Read_IT        stm32f4xx_hal_sd.o
    0x080048b4   0x080048b4   0x0000002e   Code   RO         3407    i.SD_SendStatus     stm32f4xx_hal_sd.o
    0x080048e2   0x080048e2   0x0000005e   Code   RO         3408    i.SD_WideBus_Disable  stm32f4xx_hal_sd.o
    0x08004940   0x08004940   0x0000005e   Code   RO         3409    i.SD_WideBus_Enable  stm32f4xx_hal_sd.o
    0x0800499e   0x0800499e   0x0000004c   Code   RO         3410    i.SD_Write_IT       stm32f4xx_hal_sd.o
    0x080049ea   0x080049ea   0x00000002   PAD
    0x080049ec   0x080049ec   0x00000020   Code   RO         4509    i.SD_initialize     sd_diskio.o
    0x08004a0c   0x08004a0c   0x00000068   Code   RO         4510    i.SD_ioctl          sd_diskio.o
    0x08004a74   0x08004a74   0x00000020   Code   RO         4511    i.SD_read           sd_diskio.o
    0x08004a94   0x08004a94   0x00000004   Code   RO         4512    i.SD_status         sd_diskio.o
    0x08004a98   0x08004a98   0x00000020   Code   RO         4513    i.SD_write          sd_diskio.o
    0x08004ab8   0x08004ab8   0x00000002   Code   RO         1146    i.SVC_Handler       stm32f4xx_it.o
    0x08004aba   0x08004aba   0x00000004   Code   RO         1147    i.SysTick_Handler   stm32f4xx_it.o
    0x08004abe   0x08004abe   0x00000002   PAD
    0x08004ac0   0x08004ac0   0x00000090   Code   RO          830    i.SystemClock_Config  main.o
    0x08004b50   0x08004b50   0x00000010   Code   RO         4350    i.SystemInit        system_stm32f4xx.o
    0x08004b60   0x08004b60   0x00000010   Code   RO         4024    i.UART_DMAAbortOnError  stm32f4xx_hal_uart.o
    0x08004b70   0x08004b70   0x0000004e   Code   RO         4034    i.UART_EndRxTransfer  stm32f4xx_hal_uart.o
    0x08004bbe   0x08004bbe   0x0000001a   Code   RO         4035    i.UART_EndTransmit_IT  stm32f4xx_hal_uart.o
    0x08004bd8   0x08004bd8   0x000000c8   Code   RO         4037    i.UART_Receive_IT   stm32f4xx_hal_uart.o
    0x08004ca0   0x08004ca0   0x000000fc   Code   RO         4038    i.UART_SetConfig    stm32f4xx_hal_uart.o
    0x08004d9c   0x08004d9c   0x0000005e   Code   RO         4041    i.UART_Transmit_IT  stm32f4xx_hal_uart.o
    0x08004dfa   0x08004dfa   0x0000008c   Code   RO         4042    i.UART_WaitOnFlagUntilTimeout  stm32f4xx_hal_uart.o
    0x08004e86   0x08004e86   0x00000002   PAD
    0x08004e88   0x08004e88   0x0000000c   Code   RO         1148    i.USART6_IRQHandler  stm32f4xx_it.o
    0x08004e94   0x08004e94   0x00000002   Code   RO         1149    i.UsageFault_Handler  stm32f4xx_it.o
    0x08004e96   0x08004e96   0x00000002   PAD
    0x08004e98   0x08004e98   0x00000020   Code   RO         5250    i.__0printf$2       mc_w.l(printf2.o)
    0x08004eb8   0x08004eb8   0x0000000e   Code   RO         5496    i.__scatterload_copy  mc_w.l(handlers.o)
    0x08004ec6   0x08004ec6   0x00000002   Code   RO         5497    i.__scatterload_null  mc_w.l(handlers.o)
    0x08004ec8   0x08004ec8   0x0000000e   Code   RO         5498    i.__scatterload_zeroinit  mc_w.l(handlers.o)
    0x08004ed6   0x08004ed6   0x000000d6   Code   RO         5257    i._printf_core      mc_w.l(printf2.o)
    0x08004fac   0x08004fac   0x00000018   Code   RO         1081    i.fputc             usart.o
    0x08004fc4   0x08004fc4   0x000000d0   Code   RO          831    i.main              main.o
    0x08005094   0x08005094   0x00000010   Data   RO         4351    .constdata          system_stm32f4xx.o
    0x080050a4   0x080050a4   0x00000008   Data   RO         4352    .constdata          system_stm32f4xx.o
    0x080050ac   0x080050ac   0x00000014   Data   RO         4514    .constdata          sd_diskio.o
    0x080050c0   0x080050c0   0x00000020   Data   RO         5494    Region$$Table       anon$$obj.o


    Execution Region RW_IRAM1 (Exec base: 0x20000000, Load base: 0x080050e0, Size: 0x00004208, Max: 0x00020000, ABSOLUTE)

    Exec Addr    Load Addr    Size         Type   Attr      Idx    E Section Name        Object

    0x20000000   0x080050e0   0x0000000e   Data   RW          641    .data               vs1053.o
    0x2000000e   0x080050ee   0x00000002   PAD
    0x20000010   0x080050f0   0x0000000c   Data   RW         2343    .data               stm32f4xx_hal.o
    0x2000001c   0x080050fc   0x00000004   Data   RW         4353    .data               system_stm32f4xx.o
    0x20000020   0x08005100   0x00000001   Data   RW         4515    .data               sd_diskio.o
    0x20000021   0x08005101   0x00000005   Data   RW         4596    .data               fatfs.o
    0x20000026   0x08005106   0x00000002   PAD
    0x20000028   0x08005108   0x00000004   Data   RW         5476    .data               mc_w.l(stdout.o)
    0x2000002c        -       0x00000054   Zero   RW          935    .bss                i2c.o
    0x20000080        -       0x00000084   Zero   RW          977    .bss                sdio.o
    0x20000104        -       0x000000b0   Zero   RW         1022    .bss                spi.o
    0x200001b4        -       0x00000044   Zero   RW         1082    .bss                usart.o
    0x200001f8        -       0x0000000c   Zero   RW         5075    .bss                ff_gen_drv.o
    0x20000204   0x0800510c   0x00000004   PAD
    0x20000208        -       0x00004000   Zero   RW            1    STACK               startup_stm32f411xe.o


==============================================================================

Image component sizes


      Code (inc. data)   RO Data    RW Data    ZI Data      Debug   Object Name

       202          8          0          0          0       3678   bl24cxx.o
       200         26          0          0          0       7343   bsp_driver_sd.o
        28         12          0          5          0       1086   fatfs.o
        20          6          0          0          0        577   fatfs_platform.o
        74          4          0          0         12       1683   ff_gen_drv.o
       316         16          0          0          0       1075   gpio.o
       204         28          0          0         84       1749   i2c.o
         0          0          0          0          0     426452   lcd.o
       372        106          0          0          0       3343   main.o
       236         16         20          1          0       4948   sd_diskio.o
       200         24          0          0        132       1725   sdio.o
       376         40          0          0        176       2538   spi.o
        36          8        408          0      16384        848   startup_stm32f411xe.o
       188         30          0         12          0       9381   stm32f4xx_hal.o
       208         16          0          0          0      33731   stm32f4xx_hal_cortex.o
       204          0          0          0          0       2638   stm32f4xx_hal_dma.o
       560         24          0          0          0       3722   stm32f4xx_hal_gpio.o
      6558         80          0          0          0      38280   stm32f4xx_hal_i2c.o
        48          6          0          0          0        882   stm32f4xx_hal_msp.o
      1718        100          0          0          0       6616   stm32f4xx_hal_rcc.o
      3912         44          0          0          0      21055   stm32f4xx_hal_sd.o
       190          0          0          0          0       1231   stm32f4xx_hal_spi.o
      1724          8          0          0          0      12088   stm32f4xx_hal_uart.o
        74         24          0          0          0       6685   stm32f4xx_it.o
      1780         40          0          0          0      25135   stm32f4xx_ll_sdmmc.o
        16          4         24          4          0       1163   system_stm32f4xx.o
       204         26          0          0         68       2322   usart.o
         0          0          0         14          0       7972   vs1053.o

    ----------------------------------------------------------------------
     19688        696        484         40      16860     629946   Object Totals
         0          0         32          0          0          0   (incl. Generated)
        40          0          0          4          4          0   (incl. Padding)

    ----------------------------------------------------------------------

      Code (inc. data)   RO Data    RW Data    ZI Data      Debug   Library Member Name

         0          0          0          0          0          0   entry.o
         0          0          0          0          0          0   entry10a.o
         0          0          0          0          0          0   entry11a.o
         4          0          0          0          0          0   entry12b.o
         8          4          0          0          0          0   entry2.o
         4          0          0          0          0          0   entry5.o
         0          0          0          0          0          0   entry7b.o
         0          0          0          0          0          0   entry8b.o
         8          4          0          0          0          0   entry9a.o
        30          0          0          0          0          0   handlers.o
        36          8          0          0          0         68   init.o
        30          0          0          0          0         68   llshl.o
        32          0          0          0          0         68   llushr.o
        36          0          0          0          0        108   memseta.o
       246         10          0          0          0        176   printf2.o
         0          0          0          4          0          0   stdout.o
        98          0          0          0          0         92   uldiv.o

    ----------------------------------------------------------------------
       532         26          0          4          0        580   Library Totals
         0          0          0          0          0          0   (incl. Padding)

    ----------------------------------------------------------------------

      Code (inc. data)   RO Data    RW Data    ZI Data      Debug   Library Name

       532         26          0          4          0        580   mc_w.l

    ----------------------------------------------------------------------
       532         26          0          4          0        580   Library Totals

    ----------------------------------------------------------------------

==============================================================================


      Code (inc. data)   RO Data    RW Data    ZI Data      Debug   

     20220        722        484         44      16860     612422   Grand Totals
     20220        722        484         44      16860     612422   ELF Image Totals
     20220        722        484         44          0          0   ROM Totals

==============================================================================

    Total RO  Size (Code + RO Data)                20704 (  20.22kB)
    Total RW  Size (RW Data + ZI Data)             16904 (  16.51kB)
    Total ROM Size (Code + RO Data + RW Data)      20748 (  20.26kB)

==============================================================================

